 real_time_test_sfun

 Timestamp is 6227d05f (Tue Mar  8 16:53:35 2022)

 Preferred load address is 0000000180000000

 Start         Length     Name                   Class
 0001:00000000 0002ea60H .text$mn                CODE
 0001:0002ea60 00000036H .text$mn$00             CODE
 0001:0002ea96 00000092H .text$x                 CODE
 0002:00000000 00000528H .idata$5                DATA
 0002:00000528 00000028H .00cfg                  DATA
 0002:00000550 00000008H .CRT$XCA                DATA
 0002:00000558 00000008H .CRT$XCZ                DATA
 0002:00000560 00000008H .CRT$XIA                DATA
 0002:00000568 00000008H .CRT$XIZ                DATA
 0002:00000570 00000008H .CRT$XPA                DATA
 0002:00000578 00000008H .CRT$XPZ                DATA
 0002:00000580 00000008H .CRT$XTA                DATA
 0002:00000588 00000008H .CRT$XTZ                DATA
 0002:00000590 00000000H .gehcont$y              DATA
 0002:00000590 00000000H .gfids$y                DATA
 0002:00000590 00000370H .rdata                  DATA
 0002:00000900 00000008H .rdata$CastGuardVftablesA DATA
 0002:00000908 00000008H .rdata$CastGuardVftablesC DATA
 0002:00000910 00000140H .rdata$voltmd           DATA
 0002:00000a50 00000278H .rdata$zzzdbg           DATA
 0002:00000cc8 00000008H .rtc$IAA                DATA
 0002:00000cd0 00000008H .rtc$IZZ                DATA
 0002:00000cd8 00000008H .rtc$TAA                DATA
 0002:00000ce0 00000008H .rtc$TZZ                DATA
 0002:00000ce8 00000c28H .xdata                  DATA
 0002:00001910 00000080H .edata                  DATA
 0002:00001990 0000017cH .idata$2                DATA
 0002:00001b0c 00000014H .idata$3                DATA
 0002:00001b20 00000528H .idata$4                DATA
 0002:00002048 00000e2cH .idata$6                DATA
 0003:00000000 000142d0H .data                   DATA
 0003:000142d0 00000c10H .bss                    DATA
 0004:00000000 00000edcH .pdata                  DATA

  Address         Publics by Value              Rva+Base               Lib:Object

 0000:00000000       __AbsoluteZero             0000000000000000     <absolute>
 0000:00000000       __guard_eh_cont_count      0000000000000000     <absolute>
 0000:00000000       __guard_fids_table         0000000000000000     <absolute>
 0000:00000000       __arm64x_extra_rfe_table   0000000000000000     <absolute>
 0000:00000000       __hybrid_code_map          0000000000000000     <absolute>
 0000:00000000       __hybrid_auxiliary_iat_copy 0000000000000000     <absolute>
 0000:00000000       ___safe_se_handler_table   0000000000000000     <absolute>
 0000:00000000       __arm64x_redirection_metadata 0000000000000000     <absolute>
 0000:00000000       __guard_fids_count         0000000000000000     <absolute>
 0000:00000000       __hybrid_code_map_count    0000000000000000     <absolute>
 0000:00000000       ___safe_se_handler_count   0000000000000000     <absolute>
 0000:00000000       __hybrid_auxiliary_iat     0000000000000000     <absolute>
 0000:00000000       __x64_code_ranges_to_entry_points_count 0000000000000000     <absolute>
 0000:00000000       __arm64x_extra_rfe_table_size 0000000000000000     <absolute>
 0000:00000000       __dynamic_value_reloc_table 0000000000000000     <absolute>
 0000:00000000       __x64_code_ranges_to_entry_points 0000000000000000     <absolute>
 0000:00000000       __arm64x_redirection_metadata_count 0000000000000000     <absolute>
 0000:00000000       __enclave_config           0000000000000000     <absolute>
 0000:00000000       __guard_longjmp_count      0000000000000000     <absolute>
 0000:00000000       __guard_iat_count          0000000000000000     <absolute>
 0000:00000000       __guard_eh_cont_table      0000000000000000     <absolute>
 0000:00000000       __guard_longjmp_table      0000000000000000     <absolute>
 0000:00000000       __guard_check_icall_a64n_fptr 0000000000000000     <absolute>
 0000:00000000       __arm64x_native_entrypoint 0000000000000000     <absolute>
 0000:00000000       __guard_iat_table          0000000000000000     <absolute>
 0000:00000100       __guard_flags              0000000000000100     <absolute>
 0000:00000000       __ImageBase                0000000180000000     <linker-defined>
 0001:00000000       real_time_test_initializer 0000000180001000 f   real_time_test_sfun.obj
 0001:00000010       real_time_test_terminator  0000000180001010 f   real_time_test_sfun.obj
 0001:00000020       load_real_time_test_optimization_info 0000000180001020 f   real_time_test_sfun.obj
 0001:000000d0       unload_real_time_test_optimization_info 00000001800010d0 f   real_time_test_sfun.obj
 0001:00000100       sf_real_time_test_method_dispatcher 0000000180001100 f   real_time_test_sfun.obj
 0001:00000150       sf_real_time_test_process_check_sum_call 0000000180001150 f   real_time_test_sfun.obj
 0001:00000640       sf_real_time_test_get_eml_resolved_functions_info 0000000180001640 f   real_time_test_sfun.obj
 0001:00000820       sf_real_time_test_third_party_uses_info 0000000180001820 f   real_time_test_sfun.obj
 0001:000009f0       sf_real_time_test_jit_fallback_info 00000001800019f0 f   real_time_test_sfun.obj
 0001:00000bc0       sf_real_time_test_get_post_codegen_info 0000000180001bc0 f   real_time_test_sfun.obj
 0001:00000da0       sf_real_time_test_updateBuildInfo_args_info 0000000180001da0 f   real_time_test_sfun.obj
 0001:00000f70       real_time_test_register_exported_symbols 0000000180001f70 f   real_time_test_sfun.obj
 0001:00000f80       sf_c2_real_time_test_get_eml_resolved_functions_info 0000000180001f80 f   c2_real_time_test.obj
 0001:00001000       sf_c2_real_time_test_get_check_sum 0000000180002000 f   c2_real_time_test.obj
 0001:000010d0       c2_real_time_test_method_dispatcher 00000001800020d0 f   c2_real_time_test.obj
 0001:00022900       sf_c2_real_time_test_third_party_uses_info 0000000180023900 f   c2_real_time_test.obj
 0001:00022a00       sf_c2_real_time_test_jit_fallback_info 0000000180023a00 f   c2_real_time_test.obj
 0001:00022b90       sf_c2_real_time_test_updateBuildInfo_args_info 0000000180023b90 f   c2_real_time_test.obj
 0001:00022f30       sf_c2_real_time_test_get_post_codegen_info 0000000180023f30 f   c2_real_time_test.obj
 0001:00023430       mexFunction                0000000180024430 f   real_time_test_sfun_registry.obj
 0001:00025c10       _ssSetInputPortDirectFeedThroughFcn 0000000180026c10 f   real_time_test_sfun_registry.obj
 0001:00025d80       _ssSetRWorkValueFcn        0000000180026d80 f   real_time_test_sfun_registry.obj
 0001:00025e00       _ssGetRWorkValueFcn        0000000180026e00 f   real_time_test_sfun_registry.obj
 0001:00025e70       _ssSetIWorkValueFcn        0000000180026e70 f   real_time_test_sfun_registry.obj
 0001:00025ef0       _ssGetIWorkValueFcn        0000000180026ef0 f   real_time_test_sfun_registry.obj
 0001:00025f60       _ssSetPWorkValueFcn        0000000180026f60 f   real_time_test_sfun_registry.obj
 0001:00025fe0       _ssGetPWorkValueFcn        0000000180026fe0 f   real_time_test_sfun_registry.obj
 0001:00026050       _ssGetInputPortSignalFcn   0000000180027050 f   real_time_test_sfun_registry.obj
 0001:000263e0       _ssGetInputPortBufferDstPortFcn 00000001800273e0 f   real_time_test_sfun_registry.obj
 0001:00026460       _ssGetInputPortSignalPtrsFcn 0000000180027460 f   real_time_test_sfun_registry.obj
 0001:000267f0       ssGetParameterTuningCompliance 00000001800277f0 f   real_time_test_sfun_registry.obj
 0001:00026860       ssGetDTypeIdFromMxArray    0000000180027860 f   real_time_test_sfun_registry.obj
 0001:00026980       ssWriteRTWMx2dMatParam     0000000180027980 f   real_time_test_sfun_registry.obj
 0001:00026a10       ssWriteRTWMxVectParam      0000000180027a10 f   real_time_test_sfun_registry.obj
 0001:00026a90       ssWriteRTWParameters       0000000180027a90 f   real_time_test_sfun_registry.obj
 0001:00027050       ssWriteRTWParamSettings    0000000180028050 f   real_time_test_sfun_registry.obj
 0001:00027740       ssWriteRTWStr              0000000180028740 f   real_time_test_sfun_registry.obj
 0001:000277a0       ssWriteRTWWorkVect         00000001800287a0 f   real_time_test_sfun_registry.obj
 0001:00027d00       ssWarning                  0000000180028d00 f   real_time_test_sfun_registry.obj
 0001:00027df0       ssWriteRTWNameValuePair    0000000180028df0 f   real_time_test_sfun_registry.obj
 0001:000282f0       _ssSetInputPortMatrixDimensions 00000001800292f0 f   real_time_test_sfun_registry.obj
 0001:00028410       _ssSetOutputPortMatrixDimensions 0000000180029410 f   real_time_test_sfun_registry.obj
 0001:00028530       _ssSetInputPortVectorDimension 0000000180029530 f   real_time_test_sfun_registry.obj
 0001:000285e0       _ssSetOutputPortVectorDimension 00000001800295e0 f   real_time_test_sfun_registry.obj
 0001:00028690       ssIsRunTimeParamTunable    0000000180029690 f   real_time_test_sfun_registry.obj
 0001:00028700       ssGetSFuncBlockHandle      0000000180029700 f   real_time_test_sfun_registry.obj
 0001:00028770       _ssGetCurrentInputPortWidth 0000000180029770 f   real_time_test_sfun_registry.obj
 0001:000288b0       _ssGetCurrentOutputPortWidth 00000001800298b0 f   real_time_test_sfun_registry.obj
 0001:000289f0       _ssGetCallSystemNumFcnCallDestinations 00000001800299f0 f   real_time_test_sfun_registry.obj
 0001:00028a60       ssGetIsZeroCrossControlDisabled 0000000180029a60 f   real_time_test_sfun_registry.obj
 0001:00028ad0       ssSetIsInputPortUsedForContZcSignal 0000000180029ad0 f   real_time_test_sfun_registry.obj
 0001:00028b40       ssSetZcSignalIsZcElementDisc 0000000180029b40 f   real_time_test_sfun_registry.obj
 0001:00028bf0       ssSetZcSignalName          0000000180029bf0 f   real_time_test_sfun_registry.obj
 0001:00028c60       ssSetZcSignalWidth         0000000180029c60 f   real_time_test_sfun_registry.obj
 0001:00028cd0       ssSetZcSignalZcEventType   0000000180029cd0 f   real_time_test_sfun_registry.obj
 0001:00028d40       ssSetZcSignalType          0000000180029d40 f   real_time_test_sfun_registry.obj
 0001:00028db0       ssSetZcSignalZcTol         0000000180029db0 f   real_time_test_sfun_registry.obj
 0001:00028e20       ssSetZcSignalNeedsEventNotification 0000000180029e20 f   real_time_test_sfun_registry.obj
 0001:00028e90       ssCreateAndAddZcSignalInfo 0000000180029e90 f   real_time_test_sfun_registry.obj
 0001:00028f00       ssCloneAndAddZcSignalInfo  0000000180029f00 f   real_time_test_sfun_registry.obj
 0001:00028f70       ssGetNumZcSignals          0000000180029f70 f   real_time_test_sfun_registry.obj
 0001:00028fe0       ssGetZcSignalVector        0000000180029fe0 f   real_time_test_sfun_registry.obj
 0001:00029050       ssGetZcSignalName          000000018002a050 f   real_time_test_sfun_registry.obj
 0001:000290c0       ssGetZcSignalWidth         000000018002a0c0 f   real_time_test_sfun_registry.obj
 0001:00029130       ssGetZcSignalZcEventType   000000018002a130 f   real_time_test_sfun_registry.obj
 0001:000291a0       ssGetZcSignalZcEvents      000000018002a1a0 f   real_time_test_sfun_registry.obj
 0001:00029210       ssGetZcSignalType          000000018002a210 f   real_time_test_sfun_registry.obj
 0001:00029280       ssGetZcSignalZcTol         000000018002a280 f   real_time_test_sfun_registry.obj
 0001:00029300       ssGetZcSignalNeedsEventNotification 000000018002a300 f   real_time_test_sfun_registry.obj
 0001:00029370       ssGetZcSignalIsZcElementDisc 000000018002a370 f   real_time_test_sfun_registry.obj
 0001:00029410       ssGetIsInputPortElementContinuous 000000018002a410 f   real_time_test_sfun_registry.obj
 0001:000294b0       _ssGetAbsTol               000000018002a4b0 f   real_time_test_sfun_registry.obj
 0001:00029520       _ssSetStateAbsTol          000000018002a520 f   real_time_test_sfun_registry.obj
 0001:00029600       _ssSetInputPortReusableFcn 000000018002a600 f   real_time_test_sfun_registry.obj
 0001:00029700       _ssSetOutputPortReusableFcn 000000018002a700 f   real_time_test_sfun_registry.obj
 0001:00029800       _ssSetSymbolicDimsSupport  000000018002a800 f   real_time_test_sfun_registry.obj
 0001:00029870       _ssRegisterSymbolicDimsExpr 000000018002a870 f   real_time_test_sfun_registry.obj
 0001:000298f0       _ssRegisterSymbolicDims    000000018002a8f0 f   real_time_test_sfun_registry.obj
 0001:00029990       _ssRegisterSymbolicDimsString 000000018002a990 f   real_time_test_sfun_registry.obj
 0001:00029a10       _ssRegisterSymbolicDimsIntValue 000000018002aa10 f   real_time_test_sfun_registry.obj
 0001:00029a80       _ssRegisterSymbolicDimsPlus 000000018002aa80 f   real_time_test_sfun_registry.obj
 0001:00029b00       _ssRegisterSymbolicDimsMinus 000000018002ab00 f   real_time_test_sfun_registry.obj
 0001:00029b80       _ssRegisterSymbolicDimsMultiply 000000018002ab80 f   real_time_test_sfun_registry.obj
 0001:00029c00       _ssRegisterSymbolicDimsDivide 000000018002ac00 f   real_time_test_sfun_registry.obj
 0001:00029c80       _ssGetNumSymbolicDims      000000018002ac80 f   real_time_test_sfun_registry.obj
 0001:00029cf0       _ssGetSymbolicDim          000000018002acf0 f   real_time_test_sfun_registry.obj
 0001:00029d70       _ssSetInputPortSymbolicDimsId 000000018002ad70 f   real_time_test_sfun_registry.obj
 0001:00029de0       _ssGetCompInputPortSymbolicDimsId 000000018002ade0 f   real_time_test_sfun_registry.obj
 0001:00029e50       _ssSetCompInputPortSymbolicDimsId 000000018002ae50 f   real_time_test_sfun_registry.obj
 0001:00029ec0       _ssSetOutputPortSymbolicDimsId 000000018002aec0 f   real_time_test_sfun_registry.obj
 0001:00029f30       _ssGetCompOutputPortSymbolicDimsId 000000018002af30 f   real_time_test_sfun_registry.obj
 0001:00029fa0       _ssSetCompOutputPortSymbolicDimsId 000000018002afa0 f   real_time_test_sfun_registry.obj
 0001:0002a010       _ssSetCompDWorkSymbolicDimsId 000000018002b010 f   real_time_test_sfun_registry.obj
 0001:0002a080       sf_process_check_sum_call  000000018002b080 f   real_time_test_sfun_registry.obj
 0001:0002a0d0       sf_process_get_third_party_uses_info_call 000000018002b0d0 f   real_time_test_sfun_registry.obj
 0001:0002a300       sf_process_get_jit_fallback_info_call 000000018002b300 f   real_time_test_sfun_registry.obj
 0001:0002a530       sf_process_get_post_codegen_info_call 000000018002b530 f   real_time_test_sfun_registry.obj
 0001:0002a760       sf_process_get_updateBuildInfo_args_info_call 000000018002b760 f   real_time_test_sfun_registry.obj
 0001:0002a990       sf_process_get_eml_resolved_functions_info_call 000000018002b990 f   real_time_test_sfun_registry.obj
 0001:0002abc0       sf_mex_unlock_call         000000018002bbc0 f   real_time_test_sfun_registry.obj
 0001:0002ade0       sf_machine_global_initializer_called 000000018002bde0 f   real_time_test_sfun_registry.obj
 0001:0002ae10       sf_machine_global_method_dispatcher 000000018002be10 f   real_time_test_sfun_registry.obj
 0001:0002ae70       sf_machine_global_terminator 000000018002be70 f   real_time_test_sfun_registry.obj
 0001:0002aea0       sf_register_machine_exported_symbols 000000018002bea0 f   real_time_test_sfun_registry.obj
 0001:0002aec0       callCustomFcn              000000018002bec0 f   real_time_test_sfun_registry.obj
 0001:0002aed0       sf_machine_global_initializer 000000018002bed0 f   real_time_test_sfun_registry.obj
 0001:0002af40       mdlGetSimState             000000018002bf40 f   real_time_test_sfun_registry.obj
 0001:0002af80       mdlSetSimState             000000018002bf80 f   real_time_test_sfun_registry.obj
 0001:0002b8d0       ProcessMexSfunctionEveryCall 000000018002c8d0 f   real_time_test_sfun_registry.obj
 0001:0002ca50       __local_stdio_printf_options 000000018002da50 f i real_time_test_sfun_registry.obj
 0001:0002ca60       _vsnprintf_l               000000018002da60 f i real_time_test_sfun_registry.obj
 0001:0002cae0       _vsprintf_l                000000018002dae0 f i real_time_test_sfun_registry.obj
 0001:0002cb30       sprintf                    000000018002db30 f i real_time_test_sfun_registry.obj
 0001:0002cb80       mexfilerequiredapiversion  000000018002db80 f   c_mexapi_version.obj
 0001:0002cbb0       getBitfieldFromFloat       000000018002dbb0 f   half_type.obj
 0001:0002cbe0       getFloatFromBitfield       000000018002dbe0 f   half_type.obj
 0001:0002cc10       getBitfieldFromHalf        000000018002dc10 f   half_type.obj
 0001:0002cc30       getHalfFromBitfield        000000018002dc30 f   half_type.obj
 0001:0002cc60       halfToFloat                000000018002dc60 f   half_type.obj
 0001:0002cd10       halfToDouble               000000018002dd10 f   half_type.obj
 0001:0002cd40       floatToHalf                000000018002dd40 f   half_type.obj
 0001:0002cfa0       doubleToHalf               000000018002dfa0 f   half_type.obj
 0001:0002d28d       ippfilter_uint8            000000018002e28d f   libmwippfilter:libmwippfilter.dll
 0001:0002d293       erode_binary_twod_tbb      000000018002e293 f   libmwmorphop_binary_tbb:libmwmorphop_binary_tbb.dll
 0001:0002d299       rgb2gray_tbb_uint8         000000018002e299 f   libmwrgb2gray_tbb:libmwrgb2gray_tbb.dll
 0001:0002d29f       getnumcores                000000018002e29f f   libmwgetnumcores:libmwgetnumcores.dll
 0001:0002d2a5       imfilter_uint8             000000018002e2a5 f   libmwimfilter:libmwimfilter.dll
 0001:0002d2ab       ippreconstruct_uint8       000000018002e2ab f   libmwippreconstruct:libmwippreconstruct.dll
 0001:0002d2b1       sf_load_rtw_optimization_info 000000018002e2b1 f   sf_runtime:sf_runtime.dll
 0001:0002d2b7       sf_mex_decode              000000018002e2b7 f   sf_runtime:sf_runtime.dll
 0001:0002d2bd       sf_init_ChartRunTimeInfo   000000018002e2bd f   sf_runtime:sf_runtime.dll
 0001:0002d2c3       sf_free_ChartRunTimeInfo   000000018002e2c3 f   sf_runtime:sf_runtime.dll
 0001:0002d2c9       sfrtGetEmlrtCtx            000000018002e2c9 f   sf_runtime:sf_runtime.dll
 0001:0002d2cf       sfrtGetCovrtInstance       000000018002e2cf f   sf_runtime:sf_runtime.dll
 0001:0002d2d5       sf_get_chart_instance_ptr  000000018002e2d5 f   sf_runtime:sf_runtime.dll
 0001:0002d2db       sim_mode_is_rtw_gen        000000018002e2db f   sf_runtime:sf_runtime.dll
 0001:0002d2e1       sim_mode_is_external       000000018002e2e1 f   sf_runtime:sf_runtime.dll
 0001:0002d2e7       sf_mex_listen_for_ctrl_c   000000018002e2e7 f   sf_runtime:sf_runtime.dll
 0001:0002d2ed       sf_clear_rtw_identifier    000000018002e2ed f   sf_runtime:sf_runtime.dll
 0001:0002d2f3       sf_get_time                000000018002e2f3 f   sf_runtime:sf_runtime.dll
 0001:0002d2f9       sfDoAnimationWrapper       000000018002e2f9 f   sf_runtime:sf_runtime.dll
 0001:0002d2ff       setDataBrowseFcn           000000018002e2ff f   sf_runtime:sf_runtime.dll
 0001:0002d305       setLegacyDebuggerFlag      000000018002e305 f   sf_runtime:sf_runtime.dll
 0001:0002d30b       setDebuggerFlag            000000018002e30b f   sf_runtime:sf_runtime.dll
 0001:0002d311       sf_warn_if_symbolic_dimension_param_changed 000000018002e311 f   sf_runtime:sf_runtime.dll
 0001:0002d317       sf_set_work_widths         000000018002e317 f   sf_runtime:sf_runtime.dll
 0001:0002d31d       sfListenerCacheSimStruct   000000018002e31d f   sf_runtime:sf_runtime.dll
 0001:0002d323       sfListenerLightTerminate   000000018002e323 f   sf_runtime:sf_runtime.dll
 0001:0002d329       sfListenerInitializeRuntimeVars 000000018002e329 f   sf_runtime:sf_runtime.dll
 0001:0002d32f       sf_mex_call                000000018002e32f f   sf_runtime:sf_runtime.dll
 0001:0002d335       sf_mex_error_message       000000018002e335 f   sf_runtime:sf_runtime.dll
 0001:0002d33b       sf_mex_create              000000018002e33b f   sf_runtime:sf_runtime.dll
 0001:0002d341       sf_mex_createcellmatrix    000000018002e341 f   sf_runtime:sf_runtime.dll
 0001:0002d347       sf_mex_setcell             000000018002e347 f   sf_runtime:sf_runtime.dll
 0001:0002d34d       sf_mex_getcell             000000018002e34d f   sf_runtime:sf_runtime.dll
 0001:0002d353       sf_mex_assign              000000018002e353 f   sf_runtime:sf_runtime.dll
 0001:0002d359       sf_mex_dup                 000000018002e359 f   sf_runtime:sf_runtime.dll
 0001:0002d35f       sf_mex_destroy             000000018002e35f f   sf_runtime:sf_runtime.dll
 0001:0002d365       sf_mex_import              000000018002e365 f   sf_runtime:sf_runtime.dll
 0001:0002d36b       ssGetInputPortSignal_wrapper 000000018002e36b f   sf_runtime:sf_runtime.dll
 0001:0002d371       ssGetOutputPortSignal_wrapper 000000018002e371 f   sf_runtime:sf_runtime.dll
 0001:0002d377       sf_data_saturate_error     000000018002e377 f   sf_runtime:sf_runtime.dll
 0001:0002d37d       sf_data_divide_by_zero_error 000000018002e37d f   sf_runtime:sf_runtime.dll
 0001:0002d383       sf_get_ChartInfoStruct_CodeGen 000000018002e383 f   sf_runtime:sf_runtime.dll
 0001:0002d389       sf_get_hasSeparateUpdateOutputs 000000018002e389 f   sf_runtime:sf_runtime.dll
 0001:0002d38f       callMdlMethodAndReportError 000000018002e38f f   sf_runtime:sf_runtime.dll
 0001:0002d395       call_sf_machine_global_method_dispatcher 000000018002e395 f   sf_runtime:sf_runtime.dll
 0001:0002d39b       getRuntimeInstanceInfoAsVoid 000000018002e39b f   sf_runtime:sf_runtime.dll
 0001:0002d3a1       sf_mex_error_direct_call   000000018002e3a1 f   sf_runtime:sf_runtime.dll
 0001:0002d3a7       sf_clear_error_manager_info 000000018002e3a7 f   sf_runtime:sf_runtime.dll
 0001:0002d3ad       mxIsChar_800               000000018002e3ad f   libmx:libmx.dll
 0001:0002d3b3       mxGetScalar_800            000000018002e3b3 f   libmx:libmx.dll
 0001:0002d3b9       mxGetPr_800                000000018002e3b9 f   libmx:libmx.dll
 0001:0002d3bf       mxDestroyArray_800         000000018002e3bf f   libmx:libmx.dll
 0001:0002d3c5       mxCreateDoubleMatrix_800   000000018002e3c5 f   libmx:libmx.dll
 0001:0002d3cb       mxGetString_800            000000018002e3cb f   libmx:libmx.dll
 0001:0002d3d1       mxDuplicateArray_800       000000018002e3d1 f   libmx:libmx.dll
 0001:0002d3d7       mxSetCell_800              000000018002e3d7 f   libmx:libmx.dll
 0001:0002d3dd       mxSetField_800             000000018002e3dd f   libmx:libmx.dll
 0001:0002d3e3       mxCreateString_800         000000018002e3e3 f   libmx:libmx.dll
 0001:0002d3e9       mxCreateCellMatrix_800     000000018002e3e9 f   libmx:libmx.dll
 0001:0002d3ef       mxCreateStructMatrix_800   000000018002e3ef f   libmx:libmx.dll
 0001:0002d3f5       mxGetInf_800               000000018002e3f5 f   libmx:libmx.dll
 0001:0002d3fb       mxCalloc_800               000000018002e3fb f   libmx:libmx.dll
 0001:0002d401       mxGetM_800                 000000018002e401 f   libmx:libmx.dll
 0001:0002d407       mxGetClassID_800           000000018002e407 f   libmx:libmx.dll
 0001:0002d40d       mxIsNumeric_800            000000018002e40d f   libmx:libmx.dll
 0001:0002d413       mxIsComplex_800            000000018002e413 f   libmx:libmx.dll
 0001:0002d419       mxGetN_800                 000000018002e419 f   libmx:libmx.dll
 0001:0002d41f       mxCreateDoubleScalar_800   000000018002e41f f   libmx:libmx.dll
 0001:0002d425       mexMakeArrayPersistent_800 000000018002e425 f   libmex:libmex.dll
 0001:0002d42b       mexErrMsgTxt_800           000000018002e42b f   libmex:libmex.dll
 0001:0002d431       mexWarnMsgTxt_800          000000018002e431 f   libmex:libmex.dll
 0001:0002d437       mexCallMATLAB_800          000000018002e437 f   libmex:libmex.dll
 0001:0002d43d       mexLock_800                000000018002e43d f   libmex:libmex.dll
 0001:0002d443       mexUnlock_800              000000018002e443 f   libmex:libmex.dll
 0001:0002d449       mexIsLocked_800            000000018002e449 f   libmex:libmex.dll
 0001:0002d44f       utMalloc                   000000018002e44f f   libut:libut.dll
 0001:0002d455       utFree                     000000018002e455 f   libut:libut.dll
 0001:0002d45b       muDoubleScalarCeil         000000018002e45b f   libmwmathutil:libmwmathutil.dll
 0001:0002d461       muDoubleScalarFloor        000000018002e461 f   libmwmathutil:libmwmathutil.dll
 0001:0002d467       muDoubleScalarRound        000000018002e467 f   libmwmathutil:libmwmathutil.dll
 0001:0002d46d       muDoubleScalarMin          000000018002e46d f   libmwmathutil:libmwmathutil.dll
 0001:0002d473       muDoubleScalarSqrt         000000018002e473 f   libmwmathutil:libmwmathutil.dll
 0001:0002d479       muDoubleScalarIsNaN        000000018002e479 f   libmwmathutil:libmwmathutil.dll
 0001:0002d47f       muDoubleScalarIsInf        000000018002e47f f   libmwmathutil:libmwmathutil.dll
 0001:0002d485       emlrtLicenseCheckR2012b    000000018002e485 f   libemlrt:libemlrt.dll
 0001:0002d48b       emlrtDynamicBoundsCheckR2012b 000000018002e48b f   libemlrt:libemlrt.dll
 0001:0002d491       emlrtSizeMulR2012b         000000018002e491 f   libemlrt:libemlrt.dll
 0001:0002d497       emlrtIntegerCheckR2012b    000000018002e497 f   libemlrt:libemlrt.dll
 0001:0002d49d       emlrtNonNegativeCheckR2012b 000000018002e49d f   libemlrt:libemlrt.dll
 0001:0002d4a3       emlrtForLoopVectorCheckR2021a 000000018002e4a3 f   libemlrt:libemlrt.dll
 0001:0002d4a9       emlrtMallocMex             000000018002e4a9 f   libemlrt:libemlrt.dll
 0001:0002d4af       emlrtCallocMex             000000018002e4af f   libemlrt:libemlrt.dll
 0001:0002d4b5       emlrtFreeMex               000000018002e4b5 f   libemlrt:libemlrt.dll
 0001:0002d4bb       emlrtHeapAllocationErrorR2012b 000000018002e4bb f   libemlrt:libemlrt.dll
 0001:0002d4c1       covrtCreateStateflowInstanceData 000000018002e4c1 f   libcovrt:libcovrt.dll
 0001:0002d4c7       covrtDeleteStateflowInstanceData 000000018002e4c7 f   libcovrt:libcovrt.dll
 0001:0002d4cd       covrtTransInitFcn          000000018002e4cd f   libcovrt:libcovrt.dll
 0001:0002d4d3       covrtStateInitFcn          000000018002e4d3 f   libcovrt:libcovrt.dll
 0001:0002d4d9       covrtChartInitFcn          000000018002e4d9 f   libcovrt:libcovrt.dll
 0001:0002d4df       covrtSigUpdateFcn          000000018002e4df f   libcovrt:libcovrt.dll
 0001:0002d4e5       covrtEmlInitFcn            000000018002e4e5 f   libcovrt:libcovrt.dll
 0001:0002d4eb       covrtEmlFcnInitFcn         000000018002e4eb f   libcovrt:libcovrt.dll
 0001:0002d4f1       covrtEmlForInitFcn         000000018002e4f1 f   libcovrt:libcovrt.dll
 0001:0002d4f7       covrtEmlFcnEval            000000018002e4f7 f   libcovrt:libcovrt.dll
 0001:0002d4fd       covrtEmlForEval            000000018002e4fd f   libcovrt:libcovrt.dll
 0001:0002d504       __raise_securityfailure    000000018002e504 f   MSVCRT:gs_report.obj
 0001:0002d538       __report_gsfailure         000000018002e538 f   MSVCRT:gs_report.obj
 0001:0002d60c       __report_rangecheckfailure 000000018002e60c f   MSVCRT:gs_report.obj
 0001:0002d620       __report_securityfailure   000000018002e620 f   MSVCRT:gs_report.obj
 0001:0002d6bc       __report_securityfailureEx 000000018002e6bc f   MSVCRT:gs_report.obj
 0001:0002d8b0       __GSHandlerCheck           000000018002e8b0 f   MSVCRT:gshandler.obj
 0001:0002d8d0       __GSHandlerCheckCommon     000000018002e8d0 f   MSVCRT:gshandler.obj
 0001:0002d940       __security_check_cookie    000000018002e940 f   MSVCRT:amdsecgs.obj
 0001:0002d970       __chkstk                   000000018002e970 f   MSVCRT:chkstk.obj
 0001:0002d970       _alloca_probe              000000018002e970 f   MSVCRT:chkstk.obj
 0001:0002dcfc       _CRT_INIT                  000000018002ecfc f   MSVCRT:dll_dllmain.obj
 0001:0002dd04       _DllMainCRTStartup         000000018002ed04 f   MSVCRT:dll_dllmain.obj
 0001:0002ddb0       __security_init_cookie     000000018002edb0 f   MSVCRT:gs_support.obj
 0001:0002de5c       DllMain                    000000018002ee5c f   MSVCRT:dll_dllmain_stub.obj
 0001:0002de80       ?__scrt_initialize_type_info@@YAXXZ 000000018002ee80 f   MSVCRT:tncleanup.obj
 0001:0002de90       ?__scrt_uninitialize_type_info@@YAXXZ 000000018002ee90 f   MSVCRT:tncleanup.obj
 0001:0002de9c       __local_stdio_scanf_options 000000018002ee9c f i MSVCRT:default_local_stdio_options.obj
 0001:0002dea4       __scrt_initialize_default_local_stdio_options 000000018002eea4 f   MSVCRT:default_local_stdio_options.obj
 0001:0002dec0       ?configure_argv@__scrt_narrow_argv_policy@@SAHXZ 000000018002eec0 f i MSVCRT:utility.obj
 0001:0002df20       ?initialize_environment@__scrt_narrow_environment_policy@@SAHXZ 000000018002ef20 f i MSVCRT:utility.obj
 0001:0002df58       NtCurrentTeb               000000018002ef58 f i MSVCRT:utility.obj
 0001:0002df64       __scrt_acquire_startup_lock 000000018002ef64 f   MSVCRT:utility.obj
 0001:0002dfa0       __scrt_dllmain_after_initialize_c 000000018002efa0 f   MSVCRT:utility.obj
 0001:0002dfd4       __scrt_dllmain_before_initialize_c 000000018002efd4 f   MSVCRT:utility.obj
 0001:0002dfec       __scrt_dllmain_crt_thread_attach 000000018002efec f   MSVCRT:utility.obj
 0001:0002e014       __scrt_dllmain_crt_thread_detach 000000018002f014 f   MSVCRT:utility.obj
 0001:0002e02c       __scrt_dllmain_exception_filter 000000018002f02c f   MSVCRT:utility.obj
 0001:0002e08c       __scrt_dllmain_uninitialize_c 000000018002f08c f   MSVCRT:utility.obj
 0001:0002e0bc       __scrt_dllmain_uninitialize_critical 000000018002f0bc f   MSVCRT:utility.obj
 0001:0002e0d0       __scrt_initialize_crt      000000018002f0d0 f   MSVCRT:utility.obj
 0001:0002e11c       __scrt_initialize_onexit_tables 000000018002f11c f   MSVCRT:utility.obj
 0001:0002e1a8       __scrt_is_nonwritable_in_current_image 000000018002f1a8 f   MSVCRT:utility.obj
 0001:0002e240       __scrt_release_startup_lock 000000018002f240 f   MSVCRT:utility.obj
 0001:0002e264       __scrt_uninitialize_crt    000000018002f264 f   MSVCRT:utility.obj
 0001:0002e290       _onexit                    000000018002f290 f   MSVCRT:utility.obj
 0001:0002e2cc       at_quick_exit              000000018002f2cc f   MSVCRT:utility.obj
 0001:0002e2ec       atexit                     000000018002f2ec f   MSVCRT:utility.obj
 0001:0002e304       __scrt_get_dyn_tls_init_callback 000000018002f304 f   MSVCRT:dyn_tls_init.obj
 0001:0002e30c       __crt_debugger_hook        000000018002f30c f   MSVCRT:utility_desktop.obj
 0001:0002e314       __scrt_fastfail            000000018002f314 f   MSVCRT:utility_desktop.obj
 0001:0002e460       __scrt_get_show_window_mode 000000018002f460 f   MSVCRT:utility_desktop.obj
 0001:0002e49c       __scrt_initialize_mta      000000018002f49c f   MSVCRT:utility_desktop.obj
 0001:0002e4a4       __scrt_initialize_winrt    000000018002f4a4 f   MSVCRT:utility_desktop.obj
 0001:0002e4a8       __scrt_is_managed_app      000000018002f4a8 f   MSVCRT:utility_desktop.obj
 0001:0002e4fc       __scrt_set_unhandled_exception_filter 000000018002f4fc f   MSVCRT:utility_desktop.obj
 0001:0002e50c       __scrt_exe_initialize_mta  000000018002f50c f   MSVCRT:utility_desktop.obj
 0001:0002e50c       __scrt_stub_for_initialize_mta 000000018002f50c f   MSVCRT:utility_desktop.obj
 0001:0002e510       __scrt_unhandled_exception_filter 000000018002f510 f   MSVCRT:utility_desktop.obj
 0001:0002e56c       _RTC_Initialize            000000018002f56c f   MSVCRT:initsect.obj
 0001:0002e5a8       _RTC_Terminate             000000018002f5a8 f   MSVCRT:initsect.obj
 0001:0002e5e4       _guard_check_icall_nop     000000018002f5e4 f i MSVCRT:guard_support.obj
 0001:0002e5e8       ReadNoFence64              000000018002f5e8 f i MSVCRT:guard_support.obj
 0001:0002e5ec       ReadPointerNoFence         000000018002f5ec f i MSVCRT:guard_support.obj
 0001:0002e5f0       __castguard_check_failure_debugbreak 000000018002f5f0 f i MSVCRT:guard_support.obj
 0001:0002e60c       __castguard_check_failure_fastfail 000000018002f60c f i MSVCRT:guard_support.obj
 0001:0002e630       __castguard_check_failure_nop 000000018002f630 f i MSVCRT:guard_support.obj
 0001:0002e634       __castguard_check_failure_os_handled 000000018002f634 f i MSVCRT:guard_support.obj
 0001:0002e694       __castguard_slow_path_check_debugbreak 000000018002f694 f i MSVCRT:guard_support.obj
 0001:0002e6c8       __castguard_slow_path_check_fastfail 000000018002f6c8 f i MSVCRT:guard_support.obj
 0001:0002e704       __castguard_slow_path_check_nop 000000018002f704 f i MSVCRT:guard_support.obj
 0001:0002e708       __castguard_slow_path_check_os_handled 000000018002f708 f i MSVCRT:guard_support.obj
 0001:0002e77c       _guard_icall_checks_enforced 000000018002f77c f i MSVCRT:guard_support.obj
 0001:0002e794       _guard_rf_checks_enforced  000000018002f794 f i MSVCRT:guard_support.obj
 0001:0002e798       __isa_available_init       000000018002f798 f   MSVCRT:cpu_disp.obj
 0001:0002e93c       _get_startup_argv_mode     000000018002f93c f   MSVCRT:argv_mode.obj
 0001:0002e944       __scrt_is_ucrt_dll_in_use  000000018002f944 f   MSVCRT:ucrt_detection.obj
 0001:0002e950       RtlCaptureContext          000000018002f950 f   kernel32:KERNEL32.dll
 0001:0002e956       RtlLookupFunctionEntry     000000018002f956 f   kernel32:KERNEL32.dll
 0001:0002e95c       RtlVirtualUnwind           000000018002f95c f   kernel32:KERNEL32.dll
 0001:0002e962       UnhandledExceptionFilter   000000018002f962 f   kernel32:KERNEL32.dll
 0001:0002e968       SetUnhandledExceptionFilter 000000018002f968 f   kernel32:KERNEL32.dll
 0001:0002e96e       GetCurrentProcess          000000018002f96e f   kernel32:KERNEL32.dll
 0001:0002e974       TerminateProcess           000000018002f974 f   kernel32:KERNEL32.dll
 0001:0002e97a       IsProcessorFeaturePresent  000000018002f97a f   kernel32:KERNEL32.dll
 0001:0002e980       QueryPerformanceCounter    000000018002f980 f   kernel32:KERNEL32.dll
 0001:0002e986       GetCurrentProcessId        000000018002f986 f   kernel32:KERNEL32.dll
 0001:0002e98c       GetCurrentThreadId         000000018002f98c f   kernel32:KERNEL32.dll
 0001:0002e992       GetSystemTimeAsFileTime    000000018002f992 f   kernel32:KERNEL32.dll
 0001:0002e998       DisableThreadLibraryCalls  000000018002f998 f   kernel32:KERNEL32.dll
 0001:0002e99e       InitializeSListHead        000000018002f99e f   kernel32:KERNEL32.dll
 0001:0002e9a4       IsDebuggerPresent          000000018002f9a4 f   kernel32:KERNEL32.dll
 0001:0002e9aa       GetStartupInfoW            000000018002f9aa f   kernel32:KERNEL32.dll
 0001:0002e9b0       GetModuleHandleW           000000018002f9b0 f   kernel32:KERNEL32.dll
 0001:0002e9b6       memcpy                     000000018002f9b6 f   vcruntime:VCRUNTIME140.dll
 0001:0002e9bc       memset                     000000018002f9bc f   vcruntime:VCRUNTIME140.dll
 0001:0002e9c2       __C_specific_handler       000000018002f9c2 f   vcruntime:VCRUNTIME140.dll
 0001:0002e9c8       __std_type_info_destroy_list 000000018002f9c8 f   vcruntime:VCRUNTIME140.dll
 0001:0002e9ce       __current_exception        000000018002f9ce f   vcruntime:VCRUNTIME140.dll
 0001:0002e9d4       __current_exception_context 000000018002f9d4 f   vcruntime:VCRUNTIME140.dll
 0001:0002e9da       strcmp                     000000018002f9da f   ucrt:api-ms-win-crt-string-l1-1-0.dll
 0001:0002e9e0       strcat                     000000018002f9e0 f   ucrt:api-ms-win-crt-string-l1-1-0.dll
 0001:0002e9e6       __stdio_common_vsprintf    000000018002f9e6 f   ucrt:api-ms-win-crt-stdio-l1-1-0.dll
 0001:0002e9ec       free                       000000018002f9ec f   ucrt:api-ms-win-crt-heap-l1-1-0.dll
 0001:0002e9f2       malloc                     000000018002f9f2 f   ucrt:api-ms-win-crt-heap-l1-1-0.dll
 0001:0002e9f8       strlen                     000000018002f9f8 f   ucrt:api-ms-win-crt-string-l1-1-0.dll
 0001:0002e9fe       _initterm                  000000018002f9fe f   ucrt:api-ms-win-crt-runtime-l1-1-0.dll
 0001:0002ea04       _initterm_e                000000018002fa04 f   ucrt:api-ms-win-crt-runtime-l1-1-0.dll
 0001:0002ea0a       _seh_filter_dll            000000018002fa0a f   ucrt:api-ms-win-crt-runtime-l1-1-0.dll
 0001:0002ea10       _configure_narrow_argv     000000018002fa10 f   ucrt:api-ms-win-crt-runtime-l1-1-0.dll
 0001:0002ea16       _initialize_narrow_environment 000000018002fa16 f   ucrt:api-ms-win-crt-runtime-l1-1-0.dll
 0001:0002ea1c       _initialize_onexit_table   000000018002fa1c f   ucrt:api-ms-win-crt-runtime-l1-1-0.dll
 0001:0002ea22       _register_onexit_function  000000018002fa22 f   ucrt:api-ms-win-crt-runtime-l1-1-0.dll
 0001:0002ea28       _execute_onexit_table      000000018002fa28 f   ucrt:api-ms-win-crt-runtime-l1-1-0.dll
 0001:0002ea2e       _crt_atexit                000000018002fa2e f   ucrt:api-ms-win-crt-runtime-l1-1-0.dll
 0001:0002ea34       _crt_at_quick_exit         000000018002fa34 f   ucrt:api-ms-win-crt-runtime-l1-1-0.dll
 0001:0002ea3a       _cexit                     000000018002fa3a f   ucrt:api-ms-win-crt-runtime-l1-1-0.dll
 0001:0002ea40       terminate                  000000018002fa40 f   ucrt:api-ms-win-crt-runtime-l1-1-0.dll
 0001:0002ea48       __vcrt_initialize          000000018002fa48 f   MSVCRT:ucrt_stubs.obj
 0001:0002ea48       __scrt_stub_for_acrt_initialize 000000018002fa48 f   MSVCRT:ucrt_stubs.obj
 0001:0002ea48       __acrt_initialize          000000018002fa48 f   MSVCRT:ucrt_stubs.obj
 0001:0002ea4c       __vcrt_thread_attach       000000018002fa4c f   MSVCRT:ucrt_stubs.obj
 0001:0002ea4c       __scrt_stub_for_acrt_thread_attach 000000018002fa4c f   MSVCRT:ucrt_stubs.obj
 0001:0002ea4c       __acrt_thread_attach       000000018002fa4c f   MSVCRT:ucrt_stubs.obj
 0001:0002ea50       __acrt_thread_detach       000000018002fa50 f   MSVCRT:ucrt_stubs.obj
 0001:0002ea50       __scrt_stub_for_acrt_thread_detach 000000018002fa50 f   MSVCRT:ucrt_stubs.obj
 0001:0002ea50       __vcrt_thread_detach       000000018002fa50 f   MSVCRT:ucrt_stubs.obj
 0001:0002ea54       __acrt_uninitialize        000000018002fa54 f   MSVCRT:ucrt_stubs.obj
 0001:0002ea54       __vcrt_uninitialize        000000018002fa54 f   MSVCRT:ucrt_stubs.obj
 0001:0002ea54       __scrt_stub_for_acrt_uninitialize 000000018002fa54 f   MSVCRT:ucrt_stubs.obj
 0001:0002ea58       __acrt_uninitialize_critical 000000018002fa58 f   MSVCRT:ucrt_stubs.obj
 0001:0002ea58       __scrt_stub_for_acrt_uninitialize_critical 000000018002fa58 f   MSVCRT:ucrt_stubs.obj
 0001:0002ea58       __vcrt_uninitialize_critical 000000018002fa58 f   MSVCRT:ucrt_stubs.obj
 0001:0002ea5c       _is_c_termination_complete 000000018002fa5c f   MSVCRT:ucrt_stubs.obj
 0001:0002ea5c       __scrt_stub_for_is_c_termination_complete 000000018002fa5c f   MSVCRT:ucrt_stubs.obj
 0001:0002ea70       _guard_dispatch_icall_nop  000000018002fa70 f   MSVCRT:guard_dispatch.obj
 0001:0002ea90       _guard_xfg_dispatch_icall_nop 000000018002fa90 f   MSVCRT:guard_xfg_dispatch.obj
 0002:00000000       __imp_GetSystemTimeAsFileTime 0000000180030000     kernel32:KERNEL32.dll
 0002:00000008       __imp_IsProcessorFeaturePresent 0000000180030008     kernel32:KERNEL32.dll
 0002:00000010       __imp_RtlCaptureContext    0000000180030010     kernel32:KERNEL32.dll
 0002:00000018       __imp_RtlLookupFunctionEntry 0000000180030018     kernel32:KERNEL32.dll
 0002:00000020       __imp_QueryPerformanceCounter 0000000180030020     kernel32:KERNEL32.dll
 0002:00000028       __imp_GetCurrentProcessId  0000000180030028     kernel32:KERNEL32.dll
 0002:00000030       __imp_GetCurrentThreadId   0000000180030030     kernel32:KERNEL32.dll
 0002:00000038       __imp_DisableThreadLibraryCalls 0000000180030038     kernel32:KERNEL32.dll
 0002:00000040       __imp_InitializeSListHead  0000000180030040     kernel32:KERNEL32.dll
 0002:00000048       __imp_IsDebuggerPresent    0000000180030048     kernel32:KERNEL32.dll
 0002:00000050       __imp_GetStartupInfoW      0000000180030050     kernel32:KERNEL32.dll
 0002:00000058       __imp_GetModuleHandleW     0000000180030058     kernel32:KERNEL32.dll
 0002:00000060       __imp_GetCurrentProcess    0000000180030060     kernel32:KERNEL32.dll
 0002:00000068       __imp_SetUnhandledExceptionFilter 0000000180030068     kernel32:KERNEL32.dll
 0002:00000070       __imp_UnhandledExceptionFilter 0000000180030070     kernel32:KERNEL32.dll
 0002:00000078       __imp_RtlVirtualUnwind     0000000180030078     kernel32:KERNEL32.dll
 0002:00000080       __imp_TerminateProcess     0000000180030080     kernel32:KERNEL32.dll
 0002:00000088       \177KERNEL32_NULL_THUNK_DATA 0000000180030088     kernel32:KERNEL32.dll
 0002:00000090       __imp_memcpy               0000000180030090     vcruntime:VCRUNTIME140.dll
 0002:00000098       __imp_memset               0000000180030098     vcruntime:VCRUNTIME140.dll
 0002:000000a0       __imp___C_specific_handler 00000001800300a0     vcruntime:VCRUNTIME140.dll
 0002:000000a8       __imp___std_type_info_destroy_list 00000001800300a8     vcruntime:VCRUNTIME140.dll
 0002:000000b0       __imp___current_exception  00000001800300b0     vcruntime:VCRUNTIME140.dll
 0002:000000b8       __imp___current_exception_context 00000001800300b8     vcruntime:VCRUNTIME140.dll
 0002:000000c0       \177VCRUNTIME140_NULL_THUNK_DATA 00000001800300c0     vcruntime:VCRUNTIME140.dll
 0002:000000c8       __imp_malloc               00000001800300c8     ucrt:api-ms-win-crt-heap-l1-1-0.dll
 0002:000000d0       __imp_free                 00000001800300d0     ucrt:api-ms-win-crt-heap-l1-1-0.dll
 0002:000000d8       \177api-ms-win-crt-heap-l1-1-0_NULL_THUNK_DATA 00000001800300d8     ucrt:api-ms-win-crt-heap-l1-1-0.dll
 0002:000000e0       __imp__seh_filter_dll      00000001800300e0     ucrt:api-ms-win-crt-runtime-l1-1-0.dll
 0002:000000e8       __imp__configure_narrow_argv 00000001800300e8     ucrt:api-ms-win-crt-runtime-l1-1-0.dll
 0002:000000f0       __imp__initialize_onexit_table 00000001800300f0     ucrt:api-ms-win-crt-runtime-l1-1-0.dll
 0002:000000f8       __imp__register_onexit_function 00000001800300f8     ucrt:api-ms-win-crt-runtime-l1-1-0.dll
 0002:00000100       __imp__execute_onexit_table 0000000180030100     ucrt:api-ms-win-crt-runtime-l1-1-0.dll
 0002:00000108       __imp__crt_atexit          0000000180030108     ucrt:api-ms-win-crt-runtime-l1-1-0.dll
 0002:00000110       __imp__initialize_narrow_environment 0000000180030110     ucrt:api-ms-win-crt-runtime-l1-1-0.dll
 0002:00000118       __imp__initterm_e          0000000180030118     ucrt:api-ms-win-crt-runtime-l1-1-0.dll
 0002:00000120       __imp__crt_at_quick_exit   0000000180030120     ucrt:api-ms-win-crt-runtime-l1-1-0.dll
 0002:00000128       __imp__cexit               0000000180030128     ucrt:api-ms-win-crt-runtime-l1-1-0.dll
 0002:00000130       __imp_terminate            0000000180030130     ucrt:api-ms-win-crt-runtime-l1-1-0.dll
 0002:00000138       __imp__initterm            0000000180030138     ucrt:api-ms-win-crt-runtime-l1-1-0.dll
 0002:00000140       \177api-ms-win-crt-runtime-l1-1-0_NULL_THUNK_DATA 0000000180030140     ucrt:api-ms-win-crt-runtime-l1-1-0.dll
 0002:00000148       __imp___stdio_common_vsprintf 0000000180030148     ucrt:api-ms-win-crt-stdio-l1-1-0.dll
 0002:00000150       \177api-ms-win-crt-stdio-l1-1-0_NULL_THUNK_DATA 0000000180030150     ucrt:api-ms-win-crt-stdio-l1-1-0.dll
 0002:00000158       __imp_strlen               0000000180030158     ucrt:api-ms-win-crt-string-l1-1-0.dll
 0002:00000160       __imp_strcat               0000000180030160     ucrt:api-ms-win-crt-string-l1-1-0.dll
 0002:00000168       __imp_strcmp               0000000180030168     ucrt:api-ms-win-crt-string-l1-1-0.dll
 0002:00000170       \177api-ms-win-crt-string-l1-1-0_NULL_THUNK_DATA 0000000180030170     ucrt:api-ms-win-crt-string-l1-1-0.dll
 0002:00000178       __imp_covrtCreateStateflowInstanceData 0000000180030178     libcovrt:libcovrt.dll
 0002:00000180       __imp_covrtEmlForEval      0000000180030180     libcovrt:libcovrt.dll
 0002:00000188       __imp_covrtEmlFcnEval      0000000180030188     libcovrt:libcovrt.dll
 0002:00000190       __imp_covrtEmlForInitFcn   0000000180030190     libcovrt:libcovrt.dll
 0002:00000198       __imp_covrtEmlFcnInitFcn   0000000180030198     libcovrt:libcovrt.dll
 0002:000001a0       __imp_covrtEmlInitFcn      00000001800301a0     libcovrt:libcovrt.dll
 0002:000001a8       __imp_covrtSigUpdateFcn    00000001800301a8     libcovrt:libcovrt.dll
 0002:000001b0       __imp_covrtChartInitFcn    00000001800301b0     libcovrt:libcovrt.dll
 0002:000001b8       __imp_covrtStateInitFcn    00000001800301b8     libcovrt:libcovrt.dll
 0002:000001c0       __imp_covrtTransInitFcn    00000001800301c0     libcovrt:libcovrt.dll
 0002:000001c8       __imp_covrtDeleteStateflowInstanceData 00000001800301c8     libcovrt:libcovrt.dll
 0002:000001d0       \177libcovrt_NULL_THUNK_DATA 00000001800301d0     libcovrt:libcovrt.dll
 0002:000001d8       __imp_emlrtDynamicBoundsCheckR2012b 00000001800301d8     libemlrt:libemlrt.dll
 0002:000001e0       __imp_emlrtHeapAllocationErrorR2012b 00000001800301e0     libemlrt:libemlrt.dll
 0002:000001e8       __imp_emlrtFreeMex         00000001800301e8     libemlrt:libemlrt.dll
 0002:000001f0       __imp_emlrtCallocMex       00000001800301f0     libemlrt:libemlrt.dll
 0002:000001f8       __imp_emlrtMallocMex       00000001800301f8     libemlrt:libemlrt.dll
 0002:00000200       __imp_emlrtForLoopVectorCheckR2021a 0000000180030200     libemlrt:libemlrt.dll
 0002:00000208       __imp_emlrtNonNegativeCheckR2012b 0000000180030208     libemlrt:libemlrt.dll
 0002:00000210       __imp_emlrtIntegerCheckR2012b 0000000180030210     libemlrt:libemlrt.dll
 0002:00000218       __imp_emlrtSizeMulR2012b   0000000180030218     libemlrt:libemlrt.dll
 0002:00000220       __imp_emlrtLicenseCheckR2012b 0000000180030220     libemlrt:libemlrt.dll
 0002:00000228       \177libemlrt_NULL_THUNK_DATA 0000000180030228     libemlrt:libemlrt.dll
 0002:00000230       __imp_mexIsLocked_800      0000000180030230     libmex:libmex.dll
 0002:00000238       __imp_mexUnlock_800        0000000180030238     libmex:libmex.dll
 0002:00000240       __imp_mexLock_800          0000000180030240     libmex:libmex.dll
 0002:00000248       __imp_mexCallMATLAB_800    0000000180030248     libmex:libmex.dll
 0002:00000250       __imp_mexWarnMsgTxt_800    0000000180030250     libmex:libmex.dll
 0002:00000258       __imp_mexErrMsgTxt_800     0000000180030258     libmex:libmex.dll
 0002:00000260       __imp_mexMakeArrayPersistent_800 0000000180030260     libmex:libmex.dll
 0002:00000268       \177libmex_NULL_THUNK_DATA 0000000180030268     libmex:libmex.dll
 0002:00000270       __imp_getnumcores          0000000180030270     libmwgetnumcores:libmwgetnumcores.dll
 0002:00000278       \177libmwgetnumcores_NULL_THUNK_DATA 0000000180030278     libmwgetnumcores:libmwgetnumcores.dll
 0002:00000280       __imp_imfilter_uint8       0000000180030280     libmwimfilter:libmwimfilter.dll
 0002:00000288       \177libmwimfilter_NULL_THUNK_DATA 0000000180030288     libmwimfilter:libmwimfilter.dll
 0002:00000290       __imp_ippfilter_uint8      0000000180030290     libmwippfilter:libmwippfilter.dll
 0002:00000298       \177libmwippfilter_NULL_THUNK_DATA 0000000180030298     libmwippfilter:libmwippfilter.dll
 0002:000002a0       __imp_ippreconstruct_uint8 00000001800302a0     libmwippreconstruct:libmwippreconstruct.dll
 0002:000002a8       \177libmwippreconstruct_NULL_THUNK_DATA 00000001800302a8     libmwippreconstruct:libmwippreconstruct.dll
 0002:000002b0       __imp_muDoubleScalarIsNaN  00000001800302b0     libmwmathutil:libmwmathutil.dll
 0002:000002b8       __imp_muDoubleScalarCeil   00000001800302b8     libmwmathutil:libmwmathutil.dll
 0002:000002c0       __imp_muDoubleScalarFloor  00000001800302c0     libmwmathutil:libmwmathutil.dll
 0002:000002c8       __imp_muDoubleScalarRound  00000001800302c8     libmwmathutil:libmwmathutil.dll
 0002:000002d0       __imp_muDoubleScalarMin    00000001800302d0     libmwmathutil:libmwmathutil.dll
 0002:000002d8       __imp_muDoubleScalarSqrt   00000001800302d8     libmwmathutil:libmwmathutil.dll
 0002:000002e0       __imp_muDoubleScalarIsInf  00000001800302e0     libmwmathutil:libmwmathutil.dll
 0002:000002e8       \177libmwmathutil_NULL_THUNK_DATA 00000001800302e8     libmwmathutil:libmwmathutil.dll
 0002:000002f0       __imp_erode_binary_twod_tbb 00000001800302f0     libmwmorphop_binary_tbb:libmwmorphop_binary_tbb.dll
 0002:000002f8       \177libmwmorphop_binary_tbb_NULL_THUNK_DATA 00000001800302f8     libmwmorphop_binary_tbb:libmwmorphop_binary_tbb.dll
 0002:00000300       __imp_rgb2gray_tbb_uint8   0000000180030300     libmwrgb2gray_tbb:libmwrgb2gray_tbb.dll
 0002:00000308       \177libmwrgb2gray_tbb_NULL_THUNK_DATA 0000000180030308     libmwrgb2gray_tbb:libmwrgb2gray_tbb.dll
 0002:00000310       __imp_mxCreateStructMatrix_800 0000000180030310     libmx:libmx.dll
 0002:00000318       __imp_mxCalloc_800         0000000180030318     libmx:libmx.dll
 0002:00000320       __imp_mxCreateString_800   0000000180030320     libmx:libmx.dll
 0002:00000328       __imp_mxSetField_800       0000000180030328     libmx:libmx.dll
 0002:00000330       __imp_mxSetCell_800        0000000180030330     libmx:libmx.dll
 0002:00000338       __imp_mxDuplicateArray_800 0000000180030338     libmx:libmx.dll
 0002:00000340       __imp_mxGetString_800      0000000180030340     libmx:libmx.dll
 0002:00000348       __imp_mxCreateDoubleMatrix_800 0000000180030348     libmx:libmx.dll
 0002:00000350       __imp_mxDestroyArray_800   0000000180030350     libmx:libmx.dll
 0002:00000358       __imp_mxGetPr_800          0000000180030358     libmx:libmx.dll
 0002:00000360       __imp_mxGetScalar_800      0000000180030360     libmx:libmx.dll
 0002:00000368       __imp_mxIsChar_800         0000000180030368     libmx:libmx.dll
 0002:00000370       __imp_mxGetM_800           0000000180030370     libmx:libmx.dll
 0002:00000378       __imp_mxCreateCellMatrix_800 0000000180030378     libmx:libmx.dll
 0002:00000380       __imp_mxGetClassID_800     0000000180030380     libmx:libmx.dll
 0002:00000388       __imp_mxIsNumeric_800      0000000180030388     libmx:libmx.dll
 0002:00000390       __imp_mxIsComplex_800      0000000180030390     libmx:libmx.dll
 0002:00000398       __imp_mxGetN_800           0000000180030398     libmx:libmx.dll
 0002:000003a0       __imp_mxCreateDoubleScalar_800 00000001800303a0     libmx:libmx.dll
 0002:000003a8       __imp_mxGetInf_800         00000001800303a8     libmx:libmx.dll
 0002:000003b0       \177libmx_NULL_THUNK_DATA  00000001800303b0     libmx:libmx.dll
 0002:000003b8       __imp_utMalloc             00000001800303b8     libut:libut.dll
 0002:000003c0       __imp_utFree               00000001800303c0     libut:libut.dll
 0002:000003c8       \177libut_NULL_THUNK_DATA  00000001800303c8     libut:libut.dll
 0002:000003d0       __imp_sf_mex_import        00000001800303d0     sf_runtime:sf_runtime.dll
 0002:000003d8       __imp_sf_mex_destroy       00000001800303d8     sf_runtime:sf_runtime.dll
 0002:000003e0       __imp_sf_mex_dup           00000001800303e0     sf_runtime:sf_runtime.dll
 0002:000003e8       __imp_sf_mex_assign        00000001800303e8     sf_runtime:sf_runtime.dll
 0002:000003f0       __imp_sf_mex_getcell       00000001800303f0     sf_runtime:sf_runtime.dll
 0002:000003f8       __imp_sf_mex_setcell       00000001800303f8     sf_runtime:sf_runtime.dll
 0002:00000400       __imp_sf_mex_createcellmatrix 0000000180030400     sf_runtime:sf_runtime.dll
 0002:00000408       __imp_sf_mex_create        0000000180030408     sf_runtime:sf_runtime.dll
 0002:00000410       __imp_sf_mex_error_message 0000000180030410     sf_runtime:sf_runtime.dll
 0002:00000418       __imp_sf_mex_call          0000000180030418     sf_runtime:sf_runtime.dll
 0002:00000420       __imp_sfListenerInitializeRuntimeVars 0000000180030420     sf_runtime:sf_runtime.dll
 0002:00000428       __imp_sfListenerLightTerminate 0000000180030428     sf_runtime:sf_runtime.dll
 0002:00000430       __imp_sfListenerCacheSimStruct 0000000180030430     sf_runtime:sf_runtime.dll
 0002:00000438       __imp_sf_set_work_widths   0000000180030438     sf_runtime:sf_runtime.dll
 0002:00000440       __imp_sf_warn_if_symbolic_dimension_param_changed 0000000180030440     sf_runtime:sf_runtime.dll
 0002:00000448       __imp_setDebuggerFlag      0000000180030448     sf_runtime:sf_runtime.dll
 0002:00000450       __imp_setLegacyDebuggerFlag 0000000180030450     sf_runtime:sf_runtime.dll
 0002:00000458       __imp_setDataBrowseFcn     0000000180030458     sf_runtime:sf_runtime.dll
 0002:00000460       __imp_sf_data_divide_by_zero_error 0000000180030460     sf_runtime:sf_runtime.dll
 0002:00000468       __imp_sf_get_time          0000000180030468     sf_runtime:sf_runtime.dll
 0002:00000470       __imp_sf_clear_rtw_identifier 0000000180030470     sf_runtime:sf_runtime.dll
 0002:00000478       __imp_sf_mex_listen_for_ctrl_c 0000000180030478     sf_runtime:sf_runtime.dll
 0002:00000480       __imp_sim_mode_is_external 0000000180030480     sf_runtime:sf_runtime.dll
 0002:00000488       __imp_sim_mode_is_rtw_gen  0000000180030488     sf_runtime:sf_runtime.dll
 0002:00000490       __imp_sf_get_chart_instance_ptr 0000000180030490     sf_runtime:sf_runtime.dll
 0002:00000498       __imp_sfrtGetCovrtInstance 0000000180030498     sf_runtime:sf_runtime.dll
 0002:000004a0       __imp_sfrtGetEmlrtCtx      00000001800304a0     sf_runtime:sf_runtime.dll
 0002:000004a8       __imp_sf_free_ChartRunTimeInfo 00000001800304a8     sf_runtime:sf_runtime.dll
 0002:000004b0       __imp_sf_init_ChartRunTimeInfo 00000001800304b0     sf_runtime:sf_runtime.dll
 0002:000004b8       __imp_sf_mex_decode        00000001800304b8     sf_runtime:sf_runtime.dll
 0002:000004c0       __imp_sf_load_rtw_optimization_info 00000001800304c0     sf_runtime:sf_runtime.dll
 0002:000004c8       __imp_sf_get_ChartInfoStruct_CodeGen 00000001800304c8     sf_runtime:sf_runtime.dll
 0002:000004d0       __imp_sf_get_hasSeparateUpdateOutputs 00000001800304d0     sf_runtime:sf_runtime.dll
 0002:000004d8       __imp_callMdlMethodAndReportError 00000001800304d8     sf_runtime:sf_runtime.dll
 0002:000004e0       __imp_call_sf_machine_global_method_dispatcher 00000001800304e0     sf_runtime:sf_runtime.dll
 0002:000004e8       __imp_getRuntimeInstanceInfoAsVoid 00000001800304e8     sf_runtime:sf_runtime.dll
 0002:000004f0       __imp_sf_mex_error_direct_call 00000001800304f0     sf_runtime:sf_runtime.dll
 0002:000004f8       __imp_sf_clear_error_manager_info 00000001800304f8     sf_runtime:sf_runtime.dll
 0002:00000500       __imp_ssGetOutputPortSignal_wrapper 0000000180030500     sf_runtime:sf_runtime.dll
 0002:00000508       __imp_sfDoAnimationWrapper 0000000180030508     sf_runtime:sf_runtime.dll
 0002:00000510       __imp_sf_data_saturate_error 0000000180030510     sf_runtime:sf_runtime.dll
 0002:00000518       __imp_ssGetInputPortSignal_wrapper 0000000180030518     sf_runtime:sf_runtime.dll
 0002:00000520       \177sf_runtime_NULL_THUNK_DATA 0000000180030520     sf_runtime:sf_runtime.dll
 0002:00000528       __guard_check_icall_fptr   0000000180030528     MSVCRT:guard_support.obj
 0002:00000530       __guard_xfg_check_icall_fptr 0000000180030530     MSVCRT:guard_support.obj
 0002:00000538       __guard_dispatch_icall_fptr 0000000180030538     MSVCRT:guard_support.obj
 0002:00000540       __guard_xfg_dispatch_icall_fptr 0000000180030540     MSVCRT:guard_support.obj
 0002:00000548       __guard_xfg_table_dispatch_icall_fptr 0000000180030548     MSVCRT:guard_support.obj
 0002:00000550       __xc_a                     0000000180030550     MSVCRT:initializers.obj
 0002:00000558       __xc_z                     0000000180030558     MSVCRT:initializers.obj
 0002:00000560       __xi_a                     0000000180030560     MSVCRT:initializers.obj
 0002:00000568       __xi_z                     0000000180030568     MSVCRT:initializers.obj
 0002:00000570       __xp_a                     0000000180030570     MSVCRT:initializers.obj
 0002:00000578       __xp_z                     0000000180030578     MSVCRT:initializers.obj
 0002:00000580       __xt_a                     0000000180030580     MSVCRT:initializers.obj
 0002:00000588       __xt_z                     0000000180030588     MSVCRT:initializers.obj
 0002:00000590       __real@418784f190000000    0000000180030590     real_time_test_sfun.obj
 0002:00000598       __real@41b493ef54000000    0000000180030598     real_time_test_sfun.obj
 0002:000005a0       __real@41d07f2c15000000    00000001800305a0     real_time_test_sfun.obj
 0002:000005a8       __real@41d87faffbc00000    00000001800305a8     real_time_test_sfun.obj
 0002:000005b0       __real@41df9fc581400000    00000001800305b0     real_time_test_sfun.obj
 0002:000005b8       __real@41e385a0c7200000    00000001800305b8     real_time_test_sfun.obj
 0002:000005c0       __real@41e3ba54e3c00000    00000001800305c0     real_time_test_sfun.obj
 0002:000005c8       __real@41e58ab79a600000    00000001800305c8     real_time_test_sfun.obj
 0002:000005d0       __real@41e777f608800000    00000001800305d0     real_time_test_sfun.obj
 0002:000005d8       __real@41ead8c7d7e00000    00000001800305d8     real_time_test_sfun.obj
 0002:000005e0       __real@41edfed151200000    00000001800305e0     real_time_test_sfun.obj
 0002:000005e8       __real@41ef2fadada00000    00000001800305e8     real_time_test_sfun.obj
 0002:00000640       __real@0000000000000000    0000000180030640     c2_real_time_test.obj
 0002:00000648       __real@3ff0000000000000    0000000180030648     c2_real_time_test.obj
 0002:00000650       __real@3ff20dd750429b6d    0000000180030650     c2_real_time_test.obj
 0002:00000658       __real@4000000000000000    0000000180030658     c2_real_time_test.obj
 0002:00000660       __real@4008000000000000    0000000180030660     c2_real_time_test.obj
 0002:00000668       __real@4010000000000000    0000000180030668     c2_real_time_test.obj
 0002:00000670       __real@4020000000000000    0000000180030670     c2_real_time_test.obj
 0002:00000678       __real@4031000000000000    0000000180030678     c2_real_time_test.obj
 0002:00000680       __real@4035000000000000    0000000180030680     c2_real_time_test.obj
 0002:00000688       __real@4040000000000000    0000000180030688     c2_real_time_test.obj
 0002:00000690       __real@4060000000000000    0000000180030690     c2_real_time_test.obj
 0002:00000698       __real@406fe00000000000    0000000180030698     c2_real_time_test.obj
 0002:000006a0       __real@4070000000000000    00000001800306a0     c2_real_time_test.obj
 0002:000006a8       __real@4070100000000000    00000001800306a8     c2_real_time_test.obj
 0002:000006b0       __real@4070200000000000    00000001800306b0     c2_real_time_test.obj
 0002:000006b8       __real@40f0000000000000    00000001800306b8     c2_real_time_test.obj
 0002:000006c0       __real@4191af6354000000    00000001800306c0     c2_real_time_test.obj
 0002:000006c8       __real@41c465531d000000    00000001800306c8     c2_real_time_test.obj
 0002:000006d0       __real@41dfffffffc00000    00000001800306d0     c2_real_time_test.obj
 0002:000006d8       __real@41e0000000000000    00000001800306d8     c2_real_time_test.obj
 0002:000006e0       __real@41e77cbaa4200000    00000001800306e0     c2_real_time_test.obj
 0002:000006e8       __real@41ecd4af7b400000    00000001800306e8     c2_real_time_test.obj
 0002:000006f0       __real@c000000000000000    00000001800306f0     c2_real_time_test.obj
 0002:000006f8       __real@c008000000000000    00000001800306f8     c2_real_time_test.obj
 0002:00000700       __real@c1e0000000000000    0000000180030700     c2_real_time_test.obj
 0002:00000710       __xmm@80000000000000008000000000000000 0000000180030710     c2_real_time_test.obj
 0002:00000720       DYNAMIC_DIMENSION_DEF      0000000180030720     real_time_test_sfun_registry.obj
 0002:00000738       __real@41602cbca0000000    0000000180030738     real_time_test_sfun_registry.obj
 0002:00000740       __real@bff0000000000000    0000000180030740     real_time_test_sfun_registry.obj
 0002:00000748       __real@77800000            0000000180030748     half_type.obj
 0002:00000760       _pRawDllMain               0000000180030760     MSVCRT:dll_dllmain.obj
 0002:00000760       _pDefaultRawDllMain        0000000180030760     MSVCRT:dll_dllmain.obj
 0002:00000770       __xmm@ffffffffffffffffffffffffffffffff 0000000180030770     MSVCRT:utility.obj
 0002:000007a0       _load_config_used          00000001800307a0     MSVCRT:loadcfg.obj
 0002:00000900       __CastGuardVftablesStart   0000000180030900     MSVCRT:guard_support.obj
 0002:00000908       __CastGuardVftablesEnd     0000000180030908     MSVCRT:guard_support.obj
 0002:00000910       __volatile_metadata        0000000180030910     <linker-defined>
 0002:00000cc8       __rtc_iaa                  0000000180030cc8     MSVCRT:initsect.obj
 0002:00000cd0       __rtc_izz                  0000000180030cd0     MSVCRT:initsect.obj
 0002:00000cd8       __rtc_taa                  0000000180030cd8     MSVCRT:initsect.obj
 0002:00000ce0       __rtc_tzz                  0000000180030ce0     MSVCRT:initsect.obj
 0002:00001990       __IMPORT_DESCRIPTOR_libmwippfilter 0000000180031990     libmwippfilter:libmwippfilter.dll
 0002:000019a4       __IMPORT_DESCRIPTOR_libmwmorphop_binary_tbb 00000001800319a4     libmwmorphop_binary_tbb:libmwmorphop_binary_tbb.dll
 0002:000019b8       __IMPORT_DESCRIPTOR_libmwrgb2gray_tbb 00000001800319b8     libmwrgb2gray_tbb:libmwrgb2gray_tbb.dll
 0002:000019cc       __IMPORT_DESCRIPTOR_libmwgetnumcores 00000001800319cc     libmwgetnumcores:libmwgetnumcores.dll
 0002:000019e0       __IMPORT_DESCRIPTOR_libmwimfilter 00000001800319e0     libmwimfilter:libmwimfilter.dll
 0002:000019f4       __IMPORT_DESCRIPTOR_libmwippreconstruct 00000001800319f4     libmwippreconstruct:libmwippreconstruct.dll
 0002:00001a08       __IMPORT_DESCRIPTOR_sf_runtime 0000000180031a08     sf_runtime:sf_runtime.dll
 0002:00001a1c       __IMPORT_DESCRIPTOR_libmx  0000000180031a1c     libmx:libmx.dll
 0002:00001a30       __IMPORT_DESCRIPTOR_libmex 0000000180031a30     libmex:libmex.dll
 0002:00001a44       __IMPORT_DESCRIPTOR_libut  0000000180031a44     libut:libut.dll
 0002:00001a58       __IMPORT_DESCRIPTOR_libmwmathutil 0000000180031a58     libmwmathutil:libmwmathutil.dll
 0002:00001a6c       __IMPORT_DESCRIPTOR_libemlrt 0000000180031a6c     libemlrt:libemlrt.dll
 0002:00001a80       __IMPORT_DESCRIPTOR_libcovrt 0000000180031a80     libcovrt:libcovrt.dll
 0002:00001a94       __IMPORT_DESCRIPTOR_KERNEL32 0000000180031a94     kernel32:KERNEL32.dll
 0002:00001aa8       __IMPORT_DESCRIPTOR_VCRUNTIME140 0000000180031aa8     vcruntime:VCRUNTIME140.dll
 0002:00001abc       __IMPORT_DESCRIPTOR_api-ms-win-crt-string-l1-1-0 0000000180031abc     ucrt:api-ms-win-crt-string-l1-1-0.dll
 0002:00001ad0       __IMPORT_DESCRIPTOR_api-ms-win-crt-stdio-l1-1-0 0000000180031ad0     ucrt:api-ms-win-crt-stdio-l1-1-0.dll
 0002:00001ae4       __IMPORT_DESCRIPTOR_api-ms-win-crt-heap-l1-1-0 0000000180031ae4     ucrt:api-ms-win-crt-heap-l1-1-0.dll
 0002:00001af8       __IMPORT_DESCRIPTOR_api-ms-win-crt-runtime-l1-1-0 0000000180031af8     ucrt:api-ms-win-crt-runtime-l1-1-0.dll
 0002:00001b0c       __NULL_IMPORT_DESCRIPTOR   0000000180031b0c     libmwippfilter:libmwippfilter.dll
 0003:00011d80       DYNAMIC_DIMENSION          0000000180044d80     real_time_test_sfun_registry.obj
 0003:00014280       __security_cookie_complement 0000000180047280     MSVCRT:gs_cookie.obj
 0003:00014288       __security_cookie          0000000180047288     MSVCRT:gs_cookie.obj
 0003:00014290       _fltused                   0000000180047290     MSVCRT:fltused.obj
 0003:000142a0       __scrt_native_dllmain_reason 00000001800472a0     MSVCRT:utility.obj
 0003:000142a8       __isa_available            00000001800472a8     MSVCRT:cpu_disp.obj
 0003:000142ac       __isa_enabled              00000001800472ac     MSVCRT:cpu_disp.obj
 0003:000142b0       __memcpy_nt_iters          00000001800472b0     MSVCRT:cpu_disp.obj
 0003:000142b8       __memset_nt_iters          00000001800472b8     MSVCRT:cpu_disp.obj
 0003:000142c0       __scrt_ucrt_dll_is_in_use  00000001800472c0     MSVCRT:ucrt_stubs.obj
 0003:00014e50       ?__type_info_root_node@@3U__type_info_node@@A 0000000180047e50     MSVCRT:tncleanup.obj
 0003:00014e60       ?_OptionsStorage@?1??__local_stdio_printf_options@@9@4_KA 0000000180047e60     MSVCRT:default_local_stdio_options.obj
 0003:00014e68       ?_OptionsStorage@?1??__local_stdio_scanf_options@@9@4_KA 0000000180047e68     MSVCRT:default_local_stdio_options.obj
 0003:00014e70       __scrt_current_native_startup_state 0000000180047e70     MSVCRT:utility.obj
 0003:00014e78       __scrt_native_startup_lock 0000000180047e78     MSVCRT:utility.obj
 0003:00014eb8       __scrt_debugger_hook_flag  0000000180047eb8     MSVCRT:utility_desktop.obj
 0003:00014ec0       __castguard_check_failure_os_handled_fptr 0000000180047ec0     MSVCRT:guard_support.obj
 0003:00014ec8       __favor                    0000000180047ec8     MSVCRT:cpu_disp.obj
 0003:00014ed0       ?_OptionsStorage@?1??__local_stdio_printf_options@@9@9 0000000180047ed0     <common>
 0003:00014ed8       __dyn_tls_init_callback    0000000180047ed8     <common>

 entry point at        0001:0002dd04

 Static symbols

 0000:fffb7000       _volmd                     0000000180000000     c2_real_time_test.obj
 0000:00000000       .debug$S                   0000000180000000     real_time_test_sfun.exp
 0000:fffb7000       _volmd                     0000000180000000     real_time_test_sfun.obj
 0000:fffb7000       _volmd                     0000000180000000     real_time_test_sfun_registry.obj
 0000:fffb7000       _volmd                     0000000180000000     MSVCRT:cpu_disp.obj
 0002:fffd0000       __guard_ehcont_?dllmain_dispatch@@YAHQEAUHINSTANCE__@@KQEAX@Z 0000000180000000     MSVCRT:dll_dllmain.obj
 0002:fffd0000       __guard_fids_?dllmain_dispatch@@YAHQEAUHINSTANCE__@@KQEAX@Z 0000000180000000     MSVCRT:dll_dllmain.obj
 0000:fffb7000       _volmd                     0000000180000000     MSVCRT:gs_report.obj
 0000:fffb7000       _volmd                     0000000180000000     MSVCRT:gs_report.obj
 0000:fffb7000       _volmd                     0000000180000000     MSVCRT:gs_report.obj
 0002:fffd0000       __guard_fids__             0000000180000000     MSVCRT:guard_support.obj
 0002:fffd0000       __guard_fids__             0000000180000000     MSVCRT:guard_support.obj
 0002:fffd0000       __guard_fids__guard_icall_checks_enforced 0000000180000000     MSVCRT:guard_support.obj
 0000:fffb7000       _volmd                     0000000180000000     MSVCRT:guard_support.obj
 0000:fffb7000       _volmd                     0000000180000000     MSVCRT:guard_support.obj
 0000:fffb7000       _volmd                     0000000180000000     MSVCRT:guard_support.obj
 0000:fffb7000       _volmd                     0000000180000000     MSVCRT:guard_support.obj
 0000:fffb7000       _volmd                     0000000180000000     MSVCRT:guard_support.obj
 0002:fffd0000       __guard_ehcont___scrt_is_nonwritable_in_current_image 0000000180000000     MSVCRT:utility.obj
 0000:fffb7000       _volmd                     0000000180000000     MSVCRT:utility.obj
 0000:fffb7000       _volmd                     0000000180000000     MSVCRT:utility.obj
 0000:fffb7000       _volmd                     0000000180000000     MSVCRT:utility.obj
 0002:fffd0000       __guard_fids___scrt_set_unhandled_exception_filter 0000000180000000     MSVCRT:utility_desktop.obj
 0000:fffb7000       _volmd                     0000000180000000     MSVCRT:utility_desktop.obj
 0000:00000000       .debug$S                   0000000180000000     vcruntime:VCRUNTIME140.dll
 0000:00000000       .debug$S                   0000000180000000     vcruntime:VCRUNTIME140.dll
 0000:00000000       .debug$S                   0000000180000000     vcruntime:VCRUNTIME140.dll
 0000:00000000       .debug$S                   0000000180000000     vcruntime:VCRUNTIME140.dll
 0000:00000000       .debug$S                   0000000180000000     vcruntime:VCRUNTIME140.dll
 0000:00000000       .debug$S                   0000000180000000     vcruntime:VCRUNTIME140.dll
 0000:00000000       .debug$S                   0000000180000000     ucrt:api-ms-win-crt-heap-l1-1-0.dll
 0000:00000000       .debug$S                   0000000180000000     ucrt:api-ms-win-crt-heap-l1-1-0.dll
 0000:00000000       .debug$S                   0000000180000000     ucrt:api-ms-win-crt-runtime-l1-1-0.dll
 0000:00000000       .debug$S                   0000000180000000     ucrt:api-ms-win-crt-runtime-l1-1-0.dll
 0000:00000000       .debug$S                   0000000180000000     ucrt:api-ms-win-crt-runtime-l1-1-0.dll
 0000:00000000       .debug$S                   0000000180000000     ucrt:api-ms-win-crt-runtime-l1-1-0.dll
 0000:00000000       .debug$S                   0000000180000000     ucrt:api-ms-win-crt-runtime-l1-1-0.dll
 0000:00000000       .debug$S                   0000000180000000     ucrt:api-ms-win-crt-runtime-l1-1-0.dll
 0000:00000000       .debug$S                   0000000180000000     ucrt:api-ms-win-crt-runtime-l1-1-0.dll
 0000:00000000       .debug$S                   0000000180000000     ucrt:api-ms-win-crt-runtime-l1-1-0.dll
 0000:00000000       .debug$S                   0000000180000000     ucrt:api-ms-win-crt-runtime-l1-1-0.dll
 0000:00000000       .debug$S                   0000000180000000     ucrt:api-ms-win-crt-runtime-l1-1-0.dll
 0000:00000000       .debug$S                   0000000180000000     ucrt:api-ms-win-crt-runtime-l1-1-0.dll
 0000:00000000       .debug$S                   0000000180000000     ucrt:api-ms-win-crt-runtime-l1-1-0.dll
 0000:00000000       .debug$S                   0000000180000000     ucrt:api-ms-win-crt-stdio-l1-1-0.dll
 0000:00000000       .debug$S                   0000000180000000     ucrt:api-ms-win-crt-string-l1-1-0.dll
 0000:00000000       .debug$S                   0000000180000000     ucrt:api-ms-win-crt-string-l1-1-0.dll
 0000:00000000       .debug$S                   0000000180000000     ucrt:api-ms-win-crt-string-l1-1-0.dll
 0000:00000000       .debug$S                   0000000180000000     kernel32:KERNEL32.dll
 0000:00000000       .debug$S                   0000000180000000     kernel32:KERNEL32.dll
 0000:00000000       .debug$S                   0000000180000000     kernel32:KERNEL32.dll
 0000:00000000       .debug$S                   0000000180000000     kernel32:KERNEL32.dll
 0000:00000000       .debug$S                   0000000180000000     kernel32:KERNEL32.dll
 0000:00000000       .debug$S                   0000000180000000     kernel32:KERNEL32.dll
 0000:00000000       .debug$S                   0000000180000000     kernel32:KERNEL32.dll
 0000:00000000       .debug$S                   0000000180000000     kernel32:KERNEL32.dll
 0000:00000000       .debug$S                   0000000180000000     kernel32:KERNEL32.dll
 0000:00000000       .debug$S                   0000000180000000     kernel32:KERNEL32.dll
 0000:00000000       .debug$S                   0000000180000000     kernel32:KERNEL32.dll
 0000:00000000       .debug$S                   0000000180000000     kernel32:KERNEL32.dll
 0000:00000000       .debug$S                   0000000180000000     kernel32:KERNEL32.dll
 0000:00000000       .debug$S                   0000000180000000     kernel32:KERNEL32.dll
 0000:00000000       .debug$S                   0000000180000000     kernel32:KERNEL32.dll
 0000:00000000       .debug$S                   0000000180000000     kernel32:KERNEL32.dll
 0000:00000000       .debug$S                   0000000180000000     kernel32:KERNEL32.dll
 0000:00000000       .debug$S                   0000000180000000     libcovrt:libcovrt.dll
 0000:00000000       .debug$S                   0000000180000000     libcovrt:libcovrt.dll
 0000:00000000       .debug$S                   0000000180000000     libcovrt:libcovrt.dll
 0000:00000000       .debug$S                   0000000180000000     libcovrt:libcovrt.dll
 0000:00000000       .debug$S                   0000000180000000     libcovrt:libcovrt.dll
 0000:00000000       .debug$S                   0000000180000000     libcovrt:libcovrt.dll
 0000:00000000       .debug$S                   0000000180000000     libcovrt:libcovrt.dll
 0000:00000000       .debug$S                   0000000180000000     libcovrt:libcovrt.dll
 0000:00000000       .debug$S                   0000000180000000     libcovrt:libcovrt.dll
 0000:00000000       .debug$S                   0000000180000000     libcovrt:libcovrt.dll
 0000:00000000       .debug$S                   0000000180000000     libcovrt:libcovrt.dll
 0000:00000000       .debug$S                   0000000180000000     libemlrt:libemlrt.dll
 0000:00000000       .debug$S                   0000000180000000     libemlrt:libemlrt.dll
 0000:00000000       .debug$S                   0000000180000000     libemlrt:libemlrt.dll
 0000:00000000       .debug$S                   0000000180000000     libemlrt:libemlrt.dll
 0000:00000000       .debug$S                   0000000180000000     libemlrt:libemlrt.dll
 0000:00000000       .debug$S                   0000000180000000     libemlrt:libemlrt.dll
 0000:00000000       .debug$S                   0000000180000000     libemlrt:libemlrt.dll
 0000:00000000       .debug$S                   0000000180000000     libemlrt:libemlrt.dll
 0000:00000000       .debug$S                   0000000180000000     libemlrt:libemlrt.dll
 0000:00000000       .debug$S                   0000000180000000     libemlrt:libemlrt.dll
 0000:00000000       .debug$S                   0000000180000000     libmex:libmex.dll
 0000:00000000       .debug$S                   0000000180000000     libmex:libmex.dll
 0000:00000000       .debug$S                   0000000180000000     libmex:libmex.dll
 0000:00000000       .debug$S                   0000000180000000     libmex:libmex.dll
 0000:00000000       .debug$S                   0000000180000000     libmex:libmex.dll
 0000:00000000       .debug$S                   0000000180000000     libmex:libmex.dll
 0000:00000000       .debug$S                   0000000180000000     libmex:libmex.dll
 0000:00000000       .debug$S                   0000000180000000     libmwgetnumcores:libmwgetnumcores.dll
 0000:00000000       .debug$S                   0000000180000000     libmwimfilter:libmwimfilter.dll
 0000:00000000       .debug$S                   0000000180000000     libmwippfilter:libmwippfilter.dll
 0000:00000000       .debug$S                   0000000180000000     libmwippreconstruct:libmwippreconstruct.dll
 0000:00000000       .debug$S                   0000000180000000     libmwmathutil:libmwmathutil.dll
 0000:00000000       .debug$S                   0000000180000000     libmwmathutil:libmwmathutil.dll
 0000:00000000       .debug$S                   0000000180000000     libmwmathutil:libmwmathutil.dll
 0000:00000000       .debug$S                   0000000180000000     libmwmathutil:libmwmathutil.dll
 0000:00000000       .debug$S                   0000000180000000     libmwmathutil:libmwmathutil.dll
 0000:00000000       .debug$S                   0000000180000000     libmwmathutil:libmwmathutil.dll
 0000:00000000       .debug$S                   0000000180000000     libmwmathutil:libmwmathutil.dll
 0000:00000000       .debug$S                   0000000180000000     libmwmorphop_binary_tbb:libmwmorphop_binary_tbb.dll
 0000:00000000       .debug$S                   0000000180000000     libmwrgb2gray_tbb:libmwrgb2gray_tbb.dll
 0000:00000000       .debug$S                   0000000180000000     libmx:libmx.dll
 0000:00000000       .debug$S                   0000000180000000     libmx:libmx.dll
 0000:00000000       .debug$S                   0000000180000000     libmx:libmx.dll
 0000:00000000       .debug$S                   0000000180000000     libmx:libmx.dll
 0000:00000000       .debug$S                   0000000180000000     libmx:libmx.dll
 0000:00000000       .debug$S                   0000000180000000     libmx:libmx.dll
 0000:00000000       .debug$S                   0000000180000000     libmx:libmx.dll
 0000:00000000       .debug$S                   0000000180000000     libmx:libmx.dll
 0000:00000000       .debug$S                   0000000180000000     libmx:libmx.dll
 0000:00000000       .debug$S                   0000000180000000     libmx:libmx.dll
 0000:00000000       .debug$S                   0000000180000000     libmx:libmx.dll
 0000:00000000       .debug$S                   0000000180000000     libmx:libmx.dll
 0000:00000000       .debug$S                   0000000180000000     libmx:libmx.dll
 0000:00000000       .debug$S                   0000000180000000     libmx:libmx.dll
 0000:00000000       .debug$S                   0000000180000000     libmx:libmx.dll
 0000:00000000       .debug$S                   0000000180000000     libmx:libmx.dll
 0000:00000000       .debug$S                   0000000180000000     libmx:libmx.dll
 0000:00000000       .debug$S                   0000000180000000     libmx:libmx.dll
 0000:00000000       .debug$S                   0000000180000000     libmx:libmx.dll
 0000:00000000       .debug$S                   0000000180000000     libmx:libmx.dll
 0000:00000000       .debug$S                   0000000180000000     libut:libut.dll
 0000:00000000       .debug$S                   0000000180000000     libut:libut.dll
 0000:00000000       .debug$S                   0000000180000000     sf_runtime:sf_runtime.dll
 0000:00000000       .debug$S                   0000000180000000     sf_runtime:sf_runtime.dll
 0000:00000000       .debug$S                   0000000180000000     sf_runtime:sf_runtime.dll
 0000:00000000       .debug$S                   0000000180000000     sf_runtime:sf_runtime.dll
 0000:00000000       .debug$S                   0000000180000000     sf_runtime:sf_runtime.dll
 0000:00000000       .debug$S                   0000000180000000     sf_runtime:sf_runtime.dll
 0000:00000000       .debug$S                   0000000180000000     sf_runtime:sf_runtime.dll
 0000:00000000       .debug$S                   0000000180000000     sf_runtime:sf_runtime.dll
 0000:00000000       .debug$S                   0000000180000000     sf_runtime:sf_runtime.dll
 0000:00000000       .debug$S                   0000000180000000     sf_runtime:sf_runtime.dll
 0000:00000000       .debug$S                   0000000180000000     sf_runtime:sf_runtime.dll
 0000:00000000       .debug$S                   0000000180000000     sf_runtime:sf_runtime.dll
 0000:00000000       .debug$S                   0000000180000000     sf_runtime:sf_runtime.dll
 0000:00000000       .debug$S                   0000000180000000     sf_runtime:sf_runtime.dll
 0000:00000000       .debug$S                   0000000180000000     sf_runtime:sf_runtime.dll
 0000:00000000       .debug$S                   0000000180000000     sf_runtime:sf_runtime.dll
 0000:00000000       .debug$S                   0000000180000000     sf_runtime:sf_runtime.dll
 0000:00000000       .debug$S                   0000000180000000     sf_runtime:sf_runtime.dll
 0000:00000000       .debug$S                   0000000180000000     sf_runtime:sf_runtime.dll
 0000:00000000       .debug$S                   0000000180000000     sf_runtime:sf_runtime.dll
 0000:00000000       .debug$S                   0000000180000000     sf_runtime:sf_runtime.dll
 0000:00000000       .debug$S                   0000000180000000     sf_runtime:sf_runtime.dll
 0000:00000000       .debug$S                   0000000180000000     sf_runtime:sf_runtime.dll
 0000:00000000       .debug$S                   0000000180000000     sf_runtime:sf_runtime.dll
 0000:00000000       .debug$S                   0000000180000000     sf_runtime:sf_runtime.dll
[...]
 0003:00013800       $SG28171                   0000000180046800     real_time_test_sfun_registry.obj
 0003:00013818       $SG28201                   0000000180046818     real_time_test_sfun_registry.obj
 0003:00013830       $SG28172                   0000000180046830     real_time_test_sfun_registry.obj
 0003:000138c0       $SG28176                   00000001800468c0     real_time_test_sfun_registry.obj
 0003:000138d0       $SG28177                   00000001800468d0     real_time_test_sfun_registry.obj
 0003:00013960       $SG28181                   0000000180046960     real_time_test_sfun_registry.obj
 0003:00013980       $SG28182                   0000000180046980     real_time_test_sfun_registry.obj
 0003:00013a10       $SG28186                   0000000180046a10     real_time_test_sfun_registry.obj
 0003:00013a30       $SG28187                   0000000180046a30     real_time_test_sfun_registry.obj
 0003:00013ac0       $SG28191                   0000000180046ac0     real_time_test_sfun_registry.obj
 0003:00013ad0       $SG28192                   0000000180046ad0     real_time_test_sfun_registry.obj
 0003:00013b60       $SG28196                   0000000180046b60     real_time_test_sfun_registry.obj
 0003:00013b70       $SG28197                   0000000180046b70     real_time_test_sfun_registry.obj
 0003:00013c00       $SG28202                   0000000180046c00     real_time_test_sfun_registry.obj
 0003:00013c90       $SG28206                   0000000180046c90     real_time_test_sfun_registry.obj
 0003:00013ca8       $SG28211                   0000000180046ca8     real_time_test_sfun_registry.obj
 0003:00013cb8       $SG28285                   0000000180046cb8     real_time_test_sfun_registry.obj
 0003:00013cd0       $SG28207                   0000000180046cd0     real_time_test_sfun_registry.obj
 0003:00013d60       $SG28212                   0000000180046d60     real_time_test_sfun_registry.obj
 0003:00013df0       $SG28220                   0000000180046df0     real_time_test_sfun_registry.obj
 0003:00013e00       $SG28221                   0000000180046e00     real_time_test_sfun_registry.obj
 0003:00013e90       $SG28227                   0000000180046e90     real_time_test_sfun_registry.obj
 0003:00013ea0       $SG28228                   0000000180046ea0     real_time_test_sfun_registry.obj
 0003:00013f30       $SG28232                   0000000180046f30     real_time_test_sfun_registry.obj
 0003:00013f40       $SG28233                   0000000180046f40     real_time_test_sfun_registry.obj
 0003:00013fd0       $SG28238                   0000000180046fd0     real_time_test_sfun_registry.obj
 0003:00013fe0       $SG28239                   0000000180046fe0     real_time_test_sfun_registry.obj
 0003:00014070       $SG28243                   0000000180047070     real_time_test_sfun_registry.obj
 0003:000140f0       $SG28273                   00000001800470f0     real_time_test_sfun_registry.obj
 0003:00014208       $SG28295                   0000000180047208     real_time_test_sfun_registry.obj
 0003:00014218       $SG28307                   0000000180047218     real_time_test_sfun_registry.obj
 0003:00014228       $SG28317                   0000000180047228     real_time_test_sfun_registry.obj
 0003:00014238       $SG28329                   0000000180047238     real_time_test_sfun_registry.obj
 0003:00014248       $SG28339                   0000000180047248     real_time_test_sfun_registry.obj
 0003:00014258       $SG28349                   0000000180047258     real_time_test_sfun_registry.obj
 0003:000142d0       sRtwOptimizationInfoStruct 00000001800472d0     real_time_test_sfun.obj
 0003:000142d8       sOptimizationInfoFlags     00000001800472d8     real_time_test_sfun.obj
 0003:000142e0       $SG27452                   00000001800472e0     c2_real_time_test.obj
 0003:000142e1       $SG27456                   00000001800472e1     c2_real_time_test.obj
 0003:000142e2       $SG27460                   00000001800472e2     c2_real_time_test.obj
 0003:000142e3       $SG27464                   00000001800472e3     c2_real_time_test.obj
 0003:000142e4       $SG27471                   00000001800472e4     c2_real_time_test.obj
 0003:000142e5       $SG27475                   00000001800472e5     c2_real_time_test.obj
 0003:000142e6       $SG27479                   00000001800472e6     c2_real_time_test.obj
 0003:000142e7       $SG27483                   00000001800472e7     c2_real_time_test.obj
 0003:000142e8       $SG27487                   00000001800472e8     c2_real_time_test.obj
 0003:000142e9       $SG27491                   00000001800472e9     c2_real_time_test.obj
 0003:000142ea       $SG27495                   00000001800472ea     c2_real_time_test.obj
 0003:000142eb       $SG27499                   00000001800472eb     c2_real_time_test.obj
 0003:000142ec       $SG27503                   00000001800472ec     c2_real_time_test.obj
 0003:000142ed       $SG27507                   00000001800472ed     c2_real_time_test.obj
 0003:000142ee       $SG27511                   00000001800472ee     c2_real_time_test.obj
 0003:000142ef       $SG27515                   00000001800472ef     c2_real_time_test.obj
 0003:000142f0       $SG27519                   00000001800472f0     c2_real_time_test.obj
 0003:000142f1       $SG27523                   00000001800472f1     c2_real_time_test.obj
 0003:000142f2       $SG27527                   00000001800472f2     c2_real_time_test.obj
 0003:000142f3       $SG27531                   00000001800472f3     c2_real_time_test.obj
 0003:000142f4       $SG27535                   00000001800472f4     c2_real_time_test.obj
 0003:000142f5       $SG27542                   00000001800472f5     c2_real_time_test.obj
 0003:000142f6       $SG27546                   00000001800472f6     c2_real_time_test.obj
 0003:000142f7       $SG27550                   00000001800472f7     c2_real_time_test.obj
 0003:000142f8       $SG27554                   00000001800472f8     c2_real_time_test.obj
 0003:000142f9       $SG27561                   00000001800472f9     c2_real_time_test.obj
 0003:000142fa       $SG27565                   00000001800472fa     c2_real_time_test.obj
 0003:000142fb       $SG27569                   00000001800472fb     c2_real_time_test.obj
 0003:000142fc       $SG27573                   00000001800472fc     c2_real_time_test.obj
 0003:000142fd       $SG27577                   00000001800472fd     c2_real_time_test.obj
 0003:000142fe       $SG27581                   00000001800472fe     c2_real_time_test.obj
 0003:000142ff       $SG27585                   00000001800472ff     c2_real_time_test.obj
 0003:00014300       $SG27589                   0000000180047300     c2_real_time_test.obj
 0003:00014301       $SG27593                   0000000180047301     c2_real_time_test.obj
 0003:00014302       $SG27597                   0000000180047302     c2_real_time_test.obj
 0003:00014303       $SG27601                   0000000180047303     c2_real_time_test.obj
 0003:00014304       $SG27605                   0000000180047304     c2_real_time_test.obj
 0003:00014305       $SG27609                   0000000180047305     c2_real_time_test.obj
 0003:00014306       $SG27613                   0000000180047306     c2_real_time_test.obj
 0003:00014307       $SG27617                   0000000180047307     c2_real_time_test.obj
 0003:00014308       $SG27621                   0000000180047308     c2_real_time_test.obj
 0003:00014309       $SG27625                   0000000180047309     c2_real_time_test.obj
 0003:0001430a       $SG27629                   000000018004730a     c2_real_time_test.obj
 0003:0001430b       $SG27633                   000000018004730b     c2_real_time_test.obj
 0003:0001430c       $SG27637                   000000018004730c     c2_real_time_test.obj
 0003:0001430d       $SG27641                   000000018004730d     c2_real_time_test.obj
 0003:0001430e       $SG27645                   000000018004730e     c2_real_time_test.obj
 0003:0001430f       $SG27649                   000000018004730f     c2_real_time_test.obj
 0003:00014310       $SG27653                   0000000180047310     c2_real_time_test.obj
 0003:00014311       $SG27657                   0000000180047311     c2_real_time_test.obj
 0003:00014312       $SG27661                   0000000180047312     c2_real_time_test.obj
 0003:00014313       $SG27665                   0000000180047313     c2_real_time_test.obj
 0003:00014314       $SG27675                   0000000180047314     c2_real_time_test.obj
 0003:00014315       $SG27679                   0000000180047315     c2_real_time_test.obj
 0003:00014316       $SG27683                   0000000180047316     c2_real_time_test.obj
 0003:00014317       $SG27687                   0000000180047317     c2_real_time_test.obj
 0003:00014318       $SG27691                   0000000180047318     c2_real_time_test.obj
 0003:00014319       $SG27695                   0000000180047319     c2_real_time_test.obj
 0003:0001431a       $SG27699                   000000018004731a     c2_real_time_test.obj
 0003:0001431b       $SG27703                   000000018004731b     c2_real_time_test.obj
 0003:0001431c       $SG27707                   000000018004731c     c2_real_time_test.obj
 0003:0001431d       $SG27711                   000000018004731d     c2_real_time_test.obj
 0003:0001431e       $SG27715                   000000018004731e     c2_real_time_test.obj
 0003:0001431f       $SG27719                   000000018004731f     c2_real_time_test.obj
 0003:00014320       $SG27723                   0000000180047320     c2_real_time_test.obj
 0003:00014321       $SG27727                   0000000180047321     c2_real_time_test.obj
 0003:00014322       $SG27731                   0000000180047322     c2_real_time_test.obj
 0003:00014323       $SG27735                   0000000180047323     c2_real_time_test.obj
 0003:00014324       $SG27739                   0000000180047324     c2_real_time_test.obj
 0003:00014325       $SG27743                   0000000180047325     c2_real_time_test.obj
 0003:00014326       $SG27747                   0000000180047326     c2_real_time_test.obj
 0003:00014327       $SG27751                   0000000180047327     c2_real_time_test.obj
 0003:00014328       $SG27755                   0000000180047328     c2_real_time_test.obj
 0003:00014329       $SG27759                   0000000180047329     c2_real_time_test.obj
 0003:0001432a       $SG27763                   000000018004732a     c2_real_time_test.obj
 0003:0001432b       $SG27767                   000000018004732b     c2_real_time_test.obj
 0003:0001432c       $SG27771                   000000018004732c     c2_real_time_test.obj
 0003:0001432d       $SG27775                   000000018004732d     c2_real_time_test.obj
 0003:0001432e       $SG27779                   000000018004732e     c2_real_time_test.obj
 0003:0001432f       $SG27783                   000000018004732f     c2_real_time_test.obj
 0003:00014330       $SG27787                   0000000180047330     c2_real_time_test.obj
 0003:00014331       $SG27791                   0000000180047331     c2_real_time_test.obj
 0003:00014332       $SG27795                   0000000180047332     c2_real_time_test.obj
 0003:00014333       $SG27799                   0000000180047333     c2_real_time_test.obj
 0003:00014334       $SG27803                   0000000180047334     c2_real_time_test.obj
 0003:00014335       $SG27807                   0000000180047335     c2_real_time_test.obj
 0003:00014336       $SG27811                   0000000180047336     c2_real_time_test.obj
 0003:00014337       $SG27815                   0000000180047337     c2_real_time_test.obj
 0003:00014338       $SG27819                   0000000180047338     c2_real_time_test.obj
 0003:00014339       $SG27823                   0000000180047339     c2_real_time_test.obj
 0003:0001433a       $SG27827                   000000018004733a     c2_real_time_test.obj
 0003:0001433b       $SG27831                   000000018004733b     c2_real_time_test.obj
 0003:0001433c       $SG27835                   000000018004733c     c2_real_time_test.obj
 0003:0001433d       $SG27839                   000000018004733d     c2_real_time_test.obj
 0003:0001433e       $SG27843                   000000018004733e     c2_real_time_test.obj
 0003:0001433f       $SG27847                   000000018004733f     c2_real_time_test.obj
 0003:00014340       $SG27851                   0000000180047340     c2_real_time_test.obj
 0003:00014341       $SG27855                   0000000180047341     c2_real_time_test.obj
 0003:00014342       $SG27859                   0000000180047342     c2_real_time_test.obj
 0003:00014343       $SG27863                   0000000180047343     c2_real_time_test.obj
 0003:00014344       $SG27867                   0000000180047344     c2_real_time_test.obj
 0003:00014345       $SG27871                   0000000180047345     c2_real_time_test.obj
 0003:00014346       $SG27875                   0000000180047346     c2_real_time_test.obj
 0003:00014347       $SG27879                   0000000180047347     c2_real_time_test.obj
 0003:00014348       $SG27883                   0000000180047348     c2_real_time_test.obj
 0003:00014349       $SG27887                   0000000180047349     c2_real_time_test.obj
 0003:0001434a       $SG27891                   000000018004734a     c2_real_time_test.obj
 0003:0001434b       $SG27895                   000000018004734b     c2_real_time_test.obj
 0003:0001434c       $SG27902                   000000018004734c     c2_real_time_test.obj
 0003:0001434d       $SG27906                   000000018004734d     c2_real_time_test.obj
 0003:0001434e       $SG27916                   000000018004734e     c2_real_time_test.obj
 0003:0001434f       $SG27920                   000000018004734f     c2_real_time_test.obj
 0003:00014350       $SG27924                   0000000180047350     c2_real_time_test.obj
 0003:00014351       $SG27931                   0000000180047351     c2_real_time_test.obj
 0003:00014352       $SG27935                   0000000180047352     c2_real_time_test.obj
 0003:00014353       $SG27939                   0000000180047353     c2_real_time_test.obj
 0003:00014354       $SG27943                   0000000180047354     c2_real_time_test.obj
 0003:00014355       $SG27947                   0000000180047355     c2_real_time_test.obj
 0003:00014356       $SG27951                   0000000180047356     c2_real_time_test.obj
 0003:00014357       $SG27955                   0000000180047357     c2_real_time_test.obj
 0003:00014358       $SG27959                   0000000180047358     c2_real_time_test.obj
 0003:00014359       $SG27963                   0000000180047359     c2_real_time_test.obj
 0003:0001435a       $SG27967                   000000018004735a     c2_real_time_test.obj
 0003:0001435b       $SG27971                   000000018004735b     c2_real_time_test.obj
 0003:0001435c       $SG27975                   000000018004735c     c2_real_time_test.obj
 0003:0001435d       $SG27979                   000000018004735d     c2_real_time_test.obj
 0003:0001435e       $SG27983                   000000018004735e     c2_real_time_test.obj
 0003:0001435f       $SG27987                   000000018004735f     c2_real_time_test.obj
 0003:00014360       $SG27991                   0000000180047360     c2_real_time_test.obj
 0003:00014361       $SG27995                   0000000180047361     c2_real_time_test.obj
 0003:00014362       $SG27999                   0000000180047362     c2_real_time_test.obj
 0003:00014363       $SG28003                   0000000180047363     c2_real_time_test.obj
 0003:00014364       $SG28007                   0000000180047364     c2_real_time_test.obj
 0003:00014365       $SG28011                   0000000180047365     c2_real_time_test.obj
 0003:00014366       $SG28015                   0000000180047366     c2_real_time_test.obj
 0003:00014367       $SG28019                   0000000180047367     c2_real_time_test.obj
 0003:00014368       $SG28023                   0000000180047368     c2_real_time_test.obj
 0003:00014369       $SG28027                   0000000180047369     c2_real_time_test.obj
 0003:0001436a       $SG28031                   000000018004736a     c2_real_time_test.obj
 0003:0001436b       $SG28035                   000000018004736b     c2_real_time_test.obj
 0003:0001436c       $SG28039                   000000018004736c     c2_real_time_test.obj
 0003:0001436d       $SG28043                   000000018004736d     c2_real_time_test.obj
 0003:0001436e       $SG28047                   000000018004736e     c2_real_time_test.obj
 0003:0001436f       $SG28051                   000000018004736f     c2_real_time_test.obj
 0003:00014370       $SG28055                   0000000180047370     c2_real_time_test.obj
 0003:00014371       $SG28059                   0000000180047371     c2_real_time_test.obj
 0003:00014372       $SG28063                   0000000180047372     c2_real_time_test.obj
 0003:00014373       $SG28067                   0000000180047373     c2_real_time_test.obj
 0003:00014374       $SG28071                   0000000180047374     c2_real_time_test.obj
 0003:00014375       $SG28075                   0000000180047375     c2_real_time_test.obj
 0003:00014376       $SG28079                   0000000180047376     c2_real_time_test.obj
 0003:00014377       $SG28083                   0000000180047377     c2_real_time_test.obj
 0003:00014378       $SG28093                   0000000180047378     c2_real_time_test.obj
 0003:00014379       $SG28097                   0000000180047379     c2_real_time_test.obj
 0003:0001437a       $SG28101                   000000018004737a     c2_real_time_test.obj
 0003:0001437b       $SG28108                   000000018004737b     c2_real_time_test.obj
 0003:0001437c       $SG28112                   000000018004737c     c2_real_time_test.obj
 0003:0001437d       $SG28116                   000000018004737d     c2_real_time_test.obj
 0003:0001437e       $SG28120                   000000018004737e     c2_real_time_test.obj
 0003:0001437f       $SG28124                   000000018004737f     c2_real_time_test.obj
 0003:00014380       $SG28128                   0000000180047380     c2_real_time_test.obj
 0003:00014381       $SG28132                   0000000180047381     c2_real_time_test.obj
 0003:00014382       $SG29427                   0000000180047382     c2_real_time_test.obj
 0003:00014383       $SG35388                   0000000180047383     c2_real_time_test.obj
 0003:00014384       $SG35389                   0000000180047384     c2_real_time_test.obj
 0003:00014385       $SG35537                   0000000180047385     c2_real_time_test.obj
 0003:00014388       _sfTime_                   0000000180047388     c2_real_time_test.obj
 0003:00014390       ?newstr@?1??sf_c2_real_time_test_get_post_codegen_info@@9@9 0000000180047390     c2_real_time_test.obj
 0003:000148c4       sfGlobalMdlStartCallCounts 00000001800478c4     real_time_test_sfun_registry.obj
 0003:000148c8       $SG27740                   00000001800478c8     real_time_test_sfun_registry.obj
 0003:000148d0       GS_ExceptionRecord         00000001800478d0     MSVCRT:gs_report.obj
 0003:00014970       GS_ContextRecord           0000000180047970     MSVCRT:gs_report.obj
 0003:00014e40       ?__proc_attached@@3HA      0000000180047e40     MSVCRT:dll_dllmain.obj
 0003:00014e80       ?is_initialized_as_dll@@3_NA 0000000180047e80     MSVCRT:utility.obj
 0003:00014e81       ?module_local_atexit_table_initialized@@3_NA 0000000180047e81     MSVCRT:utility.obj
 0003:00014e88       ?module_local_atexit_table@@3U_onexit_table_t@@A 0000000180047e88     MSVCRT:utility.obj
 0003:00014ea0       ?module_local_at_quick_exit_table@@3U_onexit_table_t@@A 0000000180047ea0     MSVCRT:utility.obj
